Component: ARM Compiler 5.06 update 6 (build 750) Tool: armlink [4d35ed]

==============================================================================

Section Cross References

    startup_stm32f10x_md.o(STACK) refers (Special) to heapauxi.o(.text) for __use_two_region_memory
    startup_stm32f10x_md.o(HEAP) refers (Special) to heapauxi.o(.text) for __use_two_region_memory
    startup_stm32f10x_md.o(RESET) refers (Special) to heapauxi.o(.text) for __use_two_region_memory
    startup_stm32f10x_md.o(RESET) refers to startup_stm32f10x_md.o(STACK) for __initial_sp
    startup_stm32f10x_md.o(RESET) refers to startup_stm32f10x_md.o(.text) for Reset_Handler
    startup_stm32f10x_md.o(RESET) refers to stm32f10x_it.o(i.NMI_Handler) for NMI_Handler
    startup_stm32f10x_md.o(RESET) refers to stm32f10x_it.o(i.HardFault_Handler) for HardFault_Handler
    startup_stm32f10x_md.o(RESET) refers to stm32f10x_it.o(i.MemManage_Handler) for MemManage_Handler
    startup_stm32f10x_md.o(RESET) refers to stm32f10x_it.o(i.BusFault_Handler) for BusFault_Handler
    startup_stm32f10x_md.o(RESET) refers to stm32f10x_it.o(i.UsageFault_Handler) for UsageFault_Handler
    startup_stm32f10x_md.o(RESET) refers to stm32f10x_it.o(i.SVC_Handler) for SVC_Handler
    startup_stm32f10x_md.o(RESET) refers to stm32f10x_it.o(i.DebugMon_Handler) for DebugMon_Handler
    startup_stm32f10x_md.o(RESET) refers to stm32f10x_it.o(i.PendSV_Handler) for PendSV_Handler
    startup_stm32f10x_md.o(RESET) refers to stm32f10x_it.o(i.SysTick_Handler) for SysTick_Handler
    startup_stm32f10x_md.o(RESET) refers to timer.o(i.TIM2_IRQHandler) for TIM2_IRQHandler
    startup_stm32f10x_md.o(RESET) refers to usart.o(i.TIM4_IRQHandler) for TIM4_IRQHandler
    startup_stm32f10x_md.o(RESET) refers to usart.o(i.USART1_IRQHandler) for USART1_IRQHandler
    startup_stm32f10x_md.o(RESET) refers to usart.o(i.USART3_IRQHandler) for USART3_IRQHandler
    startup_stm32f10x_md.o(.text) refers (Special) to heapauxi.o(.text) for __use_two_region_memory
    startup_stm32f10x_md.o(.text) refers to system_stm32f10x.o(i.SystemInit) for SystemInit
    startup_stm32f10x_md.o(.text) refers to __main.o(!!!main) for __main
    startup_stm32f10x_md.o(.text) refers to startup_stm32f10x_md.o(HEAP) for Heap_Mem
    startup_stm32f10x_md.o(.text) refers to startup_stm32f10x_md.o(STACK) for Stack_Mem
    system_stm32f10x.o(i.SetSysClock) refers to system_stm32f10x.o(i.SetSysClockTo72) for SetSysClockTo72
    system_stm32f10x.o(i.SystemCoreClockUpdate) refers to system_stm32f10x.o(.data) for SystemCoreClock
    system_stm32f10x.o(i.SystemInit) refers to system_stm32f10x.o(i.SetSysClock) for SetSysClock
    stm32f10x_adc.o(i.ADC_DeInit) refers to stm32f10x_rcc.o(i.RCC_APB2PeriphResetCmd) for RCC_APB2PeriphResetCmd
    stm32f10x_bkp.o(i.BKP_DeInit) refers to stm32f10x_rcc.o(i.RCC_BackupResetCmd) for RCC_BackupResetCmd
    stm32f10x_can.o(i.CAN_DeInit) refers to stm32f10x_rcc.o(i.RCC_APB1PeriphResetCmd) for RCC_APB1PeriphResetCmd
    stm32f10x_can.o(i.CAN_GetITStatus) refers to stm32f10x_can.o(i.CheckITStatus) for CheckITStatus
    stm32f10x_cec.o(i.CEC_DeInit) refers to stm32f10x_rcc.o(i.RCC_APB1PeriphResetCmd) for RCC_APB1PeriphResetCmd
    stm32f10x_dac.o(i.DAC_DeInit) refers to stm32f10x_rcc.o(i.RCC_APB1PeriphResetCmd) for RCC_APB1PeriphResetCmd
    stm32f10x_flash.o(i.FLASH_EnableWriteProtection) refers to stm32f10x_flash.o(i.FLASH_WaitForLastOperation) for FLASH_WaitForLastOperation
    stm32f10x_flash.o(i.FLASH_EraseAllBank1Pages) refers to stm32f10x_flash.o(i.FLASH_WaitForLastBank1Operation) for FLASH_WaitForLastBank1Operation
    stm32f10x_flash.o(i.FLASH_EraseAllPages) refers to stm32f10x_flash.o(i.FLASH_WaitForLastOperation) for FLASH_WaitForLastOperation
    stm32f10x_flash.o(i.FLASH_EraseOptionBytes) refers to stm32f10x_flash.o(i.FLASH_GetReadOutProtectionStatus) for FLASH_GetReadOutProtectionStatus
    stm32f10x_flash.o(i.FLASH_EraseOptionBytes) refers to stm32f10x_flash.o(i.FLASH_WaitForLastOperation) for FLASH_WaitForLastOperation
    stm32f10x_flash.o(i.FLASH_ErasePage) refers to stm32f10x_flash.o(i.FLASH_WaitForLastOperation) for FLASH_WaitForLastOperation
    stm32f10x_flash.o(i.FLASH_ProgramHalfWord) refers to stm32f10x_flash.o(i.FLASH_WaitForLastOperation) for FLASH_WaitForLastOperation
    stm32f10x_flash.o(i.FLASH_ProgramOptionByteData) refers to stm32f10x_flash.o(i.FLASH_WaitForLastOperation) for FLASH_WaitForLastOperation
    stm32f10x_flash.o(i.FLASH_ProgramWord) refers to stm32f10x_flash.o(i.FLASH_WaitForLastOperation) for FLASH_WaitForLastOperation
    stm32f10x_flash.o(i.FLASH_ReadOutProtection) refers to stm32f10x_flash.o(i.FLASH_WaitForLastOperation) for FLASH_WaitForLastOperation
    stm32f10x_flash.o(i.FLASH_UserOptionByteConfig) refers to stm32f10x_flash.o(i.FLASH_WaitForLastOperation) for FLASH_WaitForLastOperation
    stm32f10x_flash.o(i.FLASH_WaitForLastBank1Operation) refers to stm32f10x_flash.o(i.FLASH_GetBank1Status) for FLASH_GetBank1Status
[...]
    _init_alloc                              0x080009f1   Thumb Code    94  init_alloc.o(.text)
    __Heap_Initialize                        0x08000a4f   Thumb Code    10  h1_init.o(.text)
    __Heap_DescSize                          0x08000a59   Thumb Code     4  h1_init.o(.text)
    __read_errno                             0x08000a5d   Thumb Code    10  _rserrno.o(.text)
    __set_errno                              0x08000a67   Thumb Code    12  _rserrno.o(.text)
    _printf_truncate_signed                  0x08000a73   Thumb Code    18  _printf_truncate.o(.text)
    _printf_truncate_unsigned                0x08000a85   Thumb Code    18  _printf_truncate.o(.text)
    _printf_int_common                       0x08000a97   Thumb Code   178  _printf_intcommon.o(.text)
    _printf_charcount                        0x08000b49   Thumb Code    40  _printf_charcount.o(.text)
    __lib_sel_fp_printf                      0x08000b71   Thumb Code     2  _printf_fp_dec.o(.text)
    _printf_fp_dec_real                      0x08000d23   Thumb Code   620  _printf_fp_dec.o(.text)
    _printf_char_common                      0x08000f9b   Thumb Code    32  _printf_char_common.o(.text)
    _sputc                                   0x08000fc1   Thumb Code    10  _sputc.o(.text)
    _snputc                                  0x08000fcb   Thumb Code    16  _snputc.o(.text)
    _printf_cs_common                        0x08000fdb   Thumb Code    20  _printf_char.o(.text)
    _printf_char                             0x08000fef   Thumb Code    16  _printf_char.o(.text)
    _printf_string                           0x08000fff   Thumb Code     8  _printf_char.o(.text)
    _printf_wctomb                           0x08001009   Thumb Code   182  _printf_wctomb.o(.text)
    _printf_longlong_dec                     0x080010c5   Thumb Code   108  _printf_longlong_dec.o(.text)
    _printf_longlong_oct                     0x08001141   Thumb Code    66  _printf_oct_int_ll.o(.text)
    _printf_int_oct                          0x08001183   Thumb Code    24  _printf_oct_int_ll.o(.text)
    _printf_ll_oct                           0x0800119b   Thumb Code    12  _printf_oct_int_ll.o(.text)
    _scanf_really_real                       0x080013fd   Thumb Code   684  scanf_fp.o(.text)
    __vfscanf_char                           0x080016b5   Thumb Code    24  scanf_char.o(.text)
    _sgetc                                   0x080016d5   Thumb Code    30  _sgetc.o(.text)
    _sbackspace                              0x080016f3   Thumb Code    34  _sgetc.o(.text)
    __user_libspace                          0x08001715   Thumb Code     8  libspace.o(.text)
    __user_perproc_libspace                  0x08001715   Thumb Code     0  libspace.o(.text)
    __user_perthread_libspace                0x08001715   Thumb Code     0  libspace.o(.text)
    __rt_locale                              0x0800171d   Thumb Code     8  rt_locale_intlibspace.o(.text)
    __Heap_ProvideMemory                     0x08001725   Thumb Code    52  h1_extend.o(.text)
    _ll_udiv10                               0x08001759   Thumb Code   138  lludiv10.o(.text)
    isspace                                  0x080017e3   Thumb Code    18  isspace.o(.text)
    _printf_fp_hex_real                      0x080017f5   Thumb Code   756  _printf_fp_hex.o(.text)
    _printf_fp_infnan                        0x08001af1   Thumb Code   112  _printf_fp_infnan.o(.text)
    _printf_lcs_common                       0x08001b71   Thumb Code    20  _printf_wchar.o(.text)
    _printf_wchar                            0x08001b85   Thumb Code    16  _printf_wchar.o(.text)
    _printf_wstring                          0x08001b95   Thumb Code     8  _printf_wchar.o(.text)
    __vfscanf                                0x08001b9d   Thumb Code   878  _scanf.o(.text)
    _btod_etento                             0x08001f11   Thumb Code   224  bigflt0.o(.text)
    _wcrtomb                                 0x08001ff5   Thumb Code    64  _wcrtomb.o(.text)
    __rt_SIGRTMEM                            0x08002035   Thumb Code    14  defsig_rtmem_outer.o(.text)
    __I$use$semihosting                      0x08002043   Thumb Code     0  use_no_semi.o(.text)
    __use_no_semihosting_swi                 0x08002043   Thumb Code     2  use_no_semi.o(.text)
    __semihosting_library_function           0x08002045   Thumb Code     0  indicate_semi.o(.text)
    __user_setup_stackheap                   0x08002045   Thumb Code    74  sys_stackheap_outer.o(.text)
    _chval                                   0x0800208f   Thumb Code    28  _chval.o(.text)
    _scanf_really_hex_real                   0x080020ad   Thumb Code   786  scanf_hexfp.o(.text)
    _scanf_really_infnan                     0x080023cd   Thumb Code   292  scanf_infnan.o(.text)
    exit                                     0x08002501   Thumb Code    18  exit.o(.text)
    __sig_exit                               0x08002513   Thumb Code    10  defsig_exit.o(.text)
    __rt_SIGRTMEM_inner                      0x0800251d   Thumb Code    22  defsig_rtmem_inner.o(.text)
    strcmp                                   0x0800256d   Thumb Code   128  strcmpv7m.o(.text)
    _sys_exit                                0x080025ed   Thumb Code     8  sys_exit.o(.text)
    __aeabi_llsl                             0x080025f9   Thumb Code     0  llshl.o(.text)
    _ll_shift_l                              0x080025f9   Thumb Code    38  llshl.o(.text)
    __default_signal_display                 0x0800261f   Thumb Code    50  defsig_general.o(.text)
    _ttywrch                                 0x08002651   Thumb Code    14  sys_wrch.o(.text)
    _btod_d2e                                0x0800265f   Thumb Code    62  btod.o(CL$$btod_d2e)
    _d2e_denorm_low                          0x0800269d   Thumb Code    70  btod.o(CL$$btod_d2e_denorm_low)
    _d2e_norm_op1                            0x080026e3   Thumb Code    96  btod.o(CL$$btod_d2e_norm_op1)
    __btod_div_common                        0x08002743   Thumb Code   696  btod.o(CL$$btod_div_common)
    _e2d                                     0x08002a7d   Thumb Code   122  btod.o(CL$$btod_e2d)
    _e2e                                     0x08002b01   Thumb Code   220  btod.o(CL$$btod_e2e)
    _btod_ediv                               0x08002bdd   Thumb Code    42  btod.o(CL$$btod_ediv)
    _btod_edivd                              0x08002c07   Thumb Code    42  btod.o(CL$$btod_edivd)
    _btod_emul                               0x08002c31   Thumb Code    42  btod.o(CL$$btod_emul)
    _btod_emuld                              0x08002c5b   Thumb Code    42  btod.o(CL$$btod_emuld)
    __btod_mult_common                       0x08002c85   Thumb Code   580  btod.o(CL$$btod_mult_common)
    ADC1_Average_Data                        0x08002ec9   Thumb Code    48  adc.o(i.ADC1_Average_Data)
    ADC_Cmd                                  0x08002f01   Thumb Code    22  stm32f10x_adc.o(i.ADC_Cmd)
    ADC_DMACmd                               0x08002f17   Thumb Code    22  stm32f10x_adc.o(i.ADC_DMACmd)
    ADC_GetCalibrationStatus                 0x08002f2d   Thumb Code    20  stm32f10x_adc.o(i.ADC_GetCalibrationStatus)
    ADC_GetResetCalibrationStatus            0x08002f41   Thumb Code    20  stm32f10x_adc.o(i.ADC_GetResetCalibrationStatus)
    ADC_Init                                 0x08002f55   Thumb Code    70  stm32f10x_adc.o(i.ADC_Init)
    ADC_RegularChannelConfig                 0x08002fa5   Thumb Code   184  stm32f10x_adc.o(i.ADC_RegularChannelConfig)
    ADC_ResetCalibration                     0x0800305d   Thumb Code    10  stm32f10x_adc.o(i.ADC_ResetCalibration)
    ADC_SoftwareStartConvCmd                 0x08003067   Thumb Code    22  stm32f10x_adc.o(i.ADC_SoftwareStartConvCmd)
    ADC_StartCalibration                     0x0800307d   Thumb Code    10  stm32f10x_adc.o(i.ADC_StartCalibration)
    AD_Init                                  0x08003089   Thumb Code   238  adc.o(i.AD_Init)
    BEEP_Init                                0x08003189   Thumb Code    52  beep.o(i.BEEP_Init)
    BH1750_Byte_Write                        0x080031c1   Thumb Code    50  bh1750.o(i.BH1750_Byte_Write)
    BH1750_Init                              0x080031f3   Thumb Code    18  bh1750.o(i.BH1750_Init)
    BH1750_Power_ON                          0x08003205   Thumb Code    20  bh1750.o(i.BH1750_Power_ON)
    BH1750_Read_Measure                      0x08003221   Thumb Code    58  bh1750.o(i.BH1750_Read_Measure)
    BusFault_Handler                         0x0800325b   Thumb Code     4  stm32f10x_it.o(i.BusFault_Handler)
    DHT11_Check                              0x08003261   Thumb Code    88  dht11.o(i.DHT11_Check)
    DHT11_IO_IN                              0x080032bd   Thumb Code    26  dht11.o(i.DHT11_IO_IN)
    DHT11_IO_OUT                             0x080032dd   Thumb Code    32  dht11.o(i.DHT11_IO_OUT)
    DHT11_Init                               0x08003301   Thumb Code    20  dht11.o(i.DHT11_Init)
    DHT11_RST                                0x08003315   Thumb Code    40  dht11.o(i.DHT11_RST)
    DHT11_Read_Bit                           0x08003341   Thumb Code    90  dht11.o(i.DHT11_Read_Bit)
    DHT11_Read_Byte                          0x080033a1   Thumb Code    30  dht11.o(i.DHT11_Read_Byte)
    DHT11_Read_Data                          0x080033bf   Thumb Code    88  dht11.o(i.DHT11_Read_Data)
    DMA_Cmd                                  0x08003417   Thumb Code    24  stm32f10x_dma.o(i.DMA_Cmd)
    DMA_Init                                 0x0800342f   Thumb Code    60  stm32f10x_dma.o(i.DMA_Init)
    DebugMon_Handler                         0x0800346b   Thumb Code     2  stm32f10x_it.o(i.DebugMon_Handler)
    ESP8266_Clear                            0x0800346d   Thumb Code    20  esp8266.o(i.ESP8266_Clear)
    ESP8266_GetIPD                           0x08003489   Thumb Code    68  esp8266.o(i.ESP8266_GetIPD)
    ESP8266_Init                             0x080034d9   Thumb Code   184  usart.o(i.ESP8266_Init)
    ESP8266_SendCmd                          0x0800359d   Thumb Code    92  esp8266.o(i.ESP8266_SendCmd)
    ESP8266_SendData                         0x08003619   Thumb Code    46  esp8266.o(i.ESP8266_SendData)
    ESP8266_WaitRecive                       0x08003661   Thumb Code    22  esp8266.o(i.ESP8266_WaitRecive)
    FLASH_PrefetchBufferCmd                  0x0800367d   Thumb Code    22  stm32f10x_flash.o(i.FLASH_PrefetchBufferCmd)
    FLASH_SetLatency                         0x08003699   Thumb Code    18  stm32f10x_flash.o(i.FLASH_SetLatency)
    GPIO_Init                                0x080036b1   Thumb Code   278  stm32f10x_gpio.o(i.GPIO_Init)
    GPIO_ReadInputDataBit                    0x080037c7   Thumb Code    18  stm32f10x_gpio.o(i.GPIO_ReadInputDataBit)
    GPIO_ResetBits                           0x080037d9   Thumb Code     4  stm32f10x_gpio.o(i.GPIO_ResetBits)
    GPIO_SetBits                             0x080037dd   Thumb Code     4  stm32f10x_gpio.o(i.GPIO_SetBits)
    GPIO_WriteBit                            0x080037e1   Thumb Code    10  stm32f10x_gpio.o(i.GPIO_WriteBit)
    HardFault_Handler                        0x080037eb   Thumb Code     4  stm32f10x_it.o(i.HardFault_Handler)
    IPD_Search                               0x08003821   Thumb Code   280  usart.o(i.IPD_Search)
    LIght_Intensity                          0x0800394d   Thumb Code    32  bh1750.o(i.LIght_Intensity)
    MQTT_DeleteBuffer                        0x08003971   Thumb Code    28  mqtt.o(i.MQTT_DeleteBuffer)
    MQTT_DumpLength                          0x0800398d   Thumb Code    46  mqtt.o(i.MQTT_DumpLength)
    MQTT_NewBuffer                           0x080039bd   Thumb Code    96  mqtt.o(i.MQTT_NewBuffer)
    MQTT_PacketConnect                       0x08003a29   Thumb Code   548  mqtt.o(i.MQTT_PacketConnect)
    MQTT_PacketPublish                       0x08003c4d   Thumb Code   464  mqtt.o(i.MQTT_PacketPublish)
    MQTT_PacketSaveData                      0x08003e3d   Thumb Code    56  mqtt.o(i.MQTT_PacketSaveData)
    MQTT_PacketSubscribe                     0x08003e75   Thumb Code   254  mqtt.o(i.MQTT_PacketSubscribe)
    MQTT_ReadLength                          0x08003f73   Thumb Code    70  mqtt.o(i.MQTT_ReadLength)
    MQTT_UnPacketConnectAck                  0x08003fb9   Thumb Code    30  mqtt.o(i.MQTT_UnPacketConnectAck)
    MQTT_UnPacketRecv                        0x08003fd9   Thumb Code   106  mqtt.o(i.MQTT_UnPacketRecv)
    MemManage_Handler                        0x0800404d   Thumb Code     4  stm32f10x_it.o(i.MemManage_Handler)
    NMI_Handler                              0x08004051   Thumb Code     2  stm32f10x_it.o(i.NMI_Handler)
    NVIC_Init                                0x08004055   Thumb Code   100  misc.o(i.NVIC_Init)
    NVIC_PriorityGroupConfig                 0x080040c5   Thumb Code    10  misc.o(i.NVIC_PriorityGroupConfig)
    OLED_Clear                               0x080040d9   Thumb Code    42  oled.o(i.OLED_Clear)
    OLED_I2C_Init                            0x08004105   Thumb Code    76  oled.o(i.OLED_I2C_Init)
    OLED_I2C_SendByte                        0x08004155   Thumb Code    80  oled.o(i.OLED_I2C_SendByte)
    OLED_I2C_Start                           0x080041a9   Thumb Code    48  oled.o(i.OLED_I2C_Start)
    OLED_I2C_Stop                            0x080041dd   Thumb Code    36  oled.o(i.OLED_I2C_Stop)
    OLED_Init                                0x08004205   Thumb Code   174  oled.o(i.OLED_Init)
    OLED_SetCursor                           0x080042b3   Thumb Code    34  oled.o(i.OLED_SetCursor)
    OLED_ShowChar                            0x080042d5   Thumb Code   110  oled.o(i.OLED_ShowChar)
    OLED_ShowString                          0x08004349   Thumb Code    40  oled.o(i.OLED_ShowString)
    OLED_WriteCommand                        0x08004371   Thumb Code    32  oled.o(i.OLED_WriteCommand)
    OLED_WriteData                           0x08004391   Thumb Code    32  oled.o(i.OLED_WriteData)
    OneNET_Subscribe                         0x080043b1   Thumb Code    78  onenet.o(i.OneNET_Subscribe)
    OneNet_Alarm                             0x08004445   Thumb Code   140  onenet.o(i.OneNet_Alarm)
    OneNet_DevLink                           0x080044f1   Thumb Code   228  onenet.o(i.OneNet_DevLink)
    OneNet_FillBuf                           0x08004765   Thumb Code   618  onenet.o(i.OneNet_FillBuf)
    OneNet_Reply                             0x08004c3d   Thumb Code   116  onenet.o(i.OneNet_Reply)
    OneNet_SendData                          0x08004ce9   Thumb Code   208  onenet.o(i.OneNet_SendData)
    PendSV_Handler                           0x08004de9   Thumb Code     2  stm32f10x_it.o(i.PendSV_Handler)
    RCC_ADCCLKConfig                         0x08004ded   Thumb Code    18  stm32f10x_rcc.o(i.RCC_ADCCLKConfig)
    RCC_AHBPeriphClockCmd                    0x08004e05   Thumb Code    26  stm32f10x_rcc.o(i.RCC_AHBPeriphClockCmd)
    RCC_APB1PeriphClockCmd                   0x08004e25   Thumb Code    26  stm32f10x_rcc.o(i.RCC_APB1PeriphClockCmd)
    RCC_APB2PeriphClockCmd                   0x08004e45   Thumb Code    26  stm32f10x_rcc.o(i.RCC_APB2PeriphClockCmd)
    RCC_Configuration                        0x08004e65   Thumb Code   106  main.o(i.RCC_Configuration)
    RCC_DeInit                               0x08004ed1   Thumb Code    64  stm32f10x_rcc.o(i.RCC_DeInit)
    RCC_GetClocksFreq                        0x08004f1d   Thumb Code   192  stm32f10x_rcc.o(i.RCC_GetClocksFreq)
    RCC_GetFlagStatus                        0x08004ff1   Thumb Code    56  stm32f10x_rcc.o(i.RCC_GetFlagStatus)
    RCC_GetSYSCLKSource                      0x0800502d   Thumb Code    10  stm32f10x_rcc.o(i.RCC_GetSYSCLKSource)
    RCC_HCLKConfig                           0x0800503d   Thumb Code    18  stm32f10x_rcc.o(i.RCC_HCLKConfig)
    RCC_HSEConfig                            0x08005055   Thumb Code    70  stm32f10x_rcc.o(i.RCC_HSEConfig)
    RCC_PCLK1Config                          0x080050a1   Thumb Code    18  stm32f10x_rcc.o(i.RCC_PCLK1Config)
    RCC_PCLK2Config                          0x080050b9   Thumb Code    20  stm32f10x_rcc.o(i.RCC_PCLK2Config)
    RCC_PLLCmd                               0x080050d1   Thumb Code     6  stm32f10x_rcc.o(i.RCC_PLLCmd)
    RCC_PLLConfig                            0x080050dd   Thumb Code    24  stm32f10x_rcc.o(i.RCC_PLLConfig)
    RCC_SYSCLKConfig                         0x080050f9   Thumb Code    18  stm32f10x_rcc.o(i.RCC_SYSCLKConfig)
    SVC_Handler                              0x08005111   Thumb Code     2  stm32f10x_it.o(i.SVC_Handler)
    Smog_GetPPM                              0x080051fd   Thumb Code    92  adc.o(i.Smog_GetPPM)
    Smog_Get_Vol                             0x0800526d   Thumb Code    40  adc.o(i.Smog_Get_Vol)
    SysTick_CLKSourceConfig                  0x0800529d   Thumb Code    40  misc.o(i.SysTick_CLKSourceConfig)
    SysTick_Handler                          0x080052c5   Thumb Code     2  stm32f10x_it.o(i.SysTick_Handler)
    SystemInit                               0x080052c9   Thumb Code    78  system_stm32f10x.o(i.SystemInit)
    TIM2_IRQHandler                          0x08005329   Thumb Code   172  timer.o(i.TIM2_IRQHandler)
    TIM4_IRQHandler                          0x080053f9   Thumb Code    40  usart.o(i.TIM4_IRQHandler)
    TIM_ClearFlag                            0x080054a5   Thumb Code     6  stm32f10x_tim.o(i.TIM_ClearFlag)
    TIM_ClearITPendingBit                    0x080054ab   Thumb Code     6  stm32f10x_tim.o(i.TIM_ClearITPendingBit)
    TIM_Cmd                                  0x080054b1   Thumb Code    24  stm32f10x_tim.o(i.TIM_Cmd)
    TIM_GetITStatus                          0x080054c9   Thumb Code    34  stm32f10x_tim.o(i.TIM_GetITStatus)
    TIM_ITConfig                             0x080054eb   Thumb Code    18  stm32f10x_tim.o(i.TIM_ITConfig)
    TIM_SetCounter                           0x080054fd   Thumb Code     4  stm32f10x_tim.o(i.TIM_SetCounter)
    TIM_TimeBaseInit                         0x08005501   Thumb Code   122  stm32f10x_tim.o(i.TIM_TimeBaseInit)
    Timer_Init                               0x080055a5   Thumb Code   102  timer.o(i.Timer_Init)
    Topic_Init                               0x0800560d   Thumb Code    52  onenet.o(i.Topic_Init)
    USART1_IRQHandler                        0x080056e5   Thumb Code    34  usart.o(i.USART1_IRQHandler)
    USART3_IRQHandler                        0x0800570d   Thumb Code   108  usart.o(i.USART3_IRQHandler)
    USART_ClearITPendingBit                  0x0800578d   Thumb Code    30  stm32f10x_usart.o(i.USART_ClearITPendingBit)
    USART_Cmd                                0x080057ab   Thumb Code    24  stm32f10x_usart.o(i.USART_Cmd)
    USART_GetFlagStatus                      0x080057c3   Thumb Code    26  stm32f10x_usart.o(i.USART_GetFlagStatus)
    USART_GetITStatus                        0x080057dd   Thumb Code    84  stm32f10x_usart.o(i.USART_GetITStatus)
    USART_ITConfig                           0x08005831   Thumb Code    74  stm32f10x_usart.o(i.USART_ITConfig)
    USART_Init                               0x0800587d   Thumb Code   210  stm32f10x_usart.o(i.USART_Init)
    USART_SendData                           0x08005955   Thumb Code     8  stm32f10x_usart.o(i.USART_SendData)
    UsageFault_Handler                       0x0800595d   Thumb Code     4  stm32f10x_it.o(i.UsageFault_Handler)
    Usart_SendString                         0x08005961   Thumb Code    50  usart.o(i.Usart_SendString)
    __ARM_fpclassify                         0x08005993   Thumb Code    40  fpclassify.o(i.__ARM_fpclassify)
    __kernel_poly                            0x080059bb   Thumb Code   170  poly.o(i.__kernel_poly)
    __mathlib_dbl_divzero                    0x08005a65   Thumb Code    12  dunder.o(i.__mathlib_dbl_divzero)
    __mathlib_dbl_infnan2                    0x08005a75   Thumb Code     4  dunder.o(i.__mathlib_dbl_infnan2)
    __mathlib_dbl_invalid                    0x08005a79   Thumb Code    12  dunder.o(i.__mathlib_dbl_invalid)
    __mathlib_dbl_overflow                   0x08005a85   Thumb Code    14  dunder.o(i.__mathlib_dbl_overflow)
    __mathlib_dbl_underflow                  0x08005a95   Thumb Code    10  dunder.o(i.__mathlib_dbl_underflow)
    __mathlib_narrow                         0x08005aa5   Thumb Code    16  narrow.o(i.__mathlib_narrow)
    __mathlib_tofloat                        0x08005ab5   Thumb Code   184  narrow.o(i.__mathlib_tofloat)
    __support_ldexp                          0x08005b71   Thumb Code    22  ldexp.o(i.__support_ldexp)
    _is_digit                                0x08005b87   Thumb Code    14  __printf_wp.o(i._is_digit)
    delay_init                               0x08005b95   Thumb Code    50  delay.o(i.delay_init)
    delay_ms                                 0x08005bd9   Thumb Code    72  delay.o(i.delay_ms)
    delay_us                                 0x08005c25   Thumb Code    72  delay.o(i.delay_us)
    esp_init                                 0x08005c71   Thumb Code   234  esp8266.o(i.esp_init)
    frexp                                    0x08005e05   Thumb Code    80  frexp.o(i.frexp)
    i2c_Ack                                  0x08005e5d   Thumb Code    44  bh1750.o(i.i2c_Ack)
    i2c_CheckDevice                          0x08005e8d   Thumb Code    28  bh1750.o(i.i2c_CheckDevice)
    i2c_NAck                                 0x08005eb9   Thumb Code    36  bh1750.o(i.i2c_NAck)
    i2c_ReadByte                             0x08005ee1   Thumb Code    62  bh1750.o(i.i2c_ReadByte)
    i2c_SendByte                             0x08005f25   Thumb Code    80  bh1750.o(i.i2c_SendByte)
    i2c_Start                                0x08005f79   Thumb Code    42  bh1750.o(i.i2c_Start)
    i2c_Stop                                 0x08005fa9   Thumb Code    28  bh1750.o(i.i2c_Stop)
    i2c_WaitAck                              0x08005fc9   Thumb Code    56  bh1750.o(i.i2c_WaitAck)
    ldexp                                    0x08006005   Thumb Code   116  ldexp.o(i.ldexp)
    main                                     0x08006079   Thumb Code  1508  main.o(i.main)
    parseJSON                                0x08006685   Thumb Code   206  main.o(i.parseJSON)
    pow                                      0x080067f9   Thumb Code  2512  pow.o(i.pow)
    sqrt                                     0x080071d1   Thumb Code    76  sqrt.o(i.sqrt)
    u1_printf                                0x0800721d   Thumb Code    72  usart.o(i.u1_printf)
    upper_USART_init                         0x0800726d   Thumb Code   164  usart.o(i.upper_USART_init)
    _get_lc_ctype                            0x08007319   Thumb Code    44  lc_ctype_c.o(locale$$code)
    _get_lc_numeric                          0x08007345   Thumb Code    44  lc_numeric_c.o(locale$$code)
    __aeabi_d2f                              0x08007371   Thumb Code     0  d2f.o(x$fpl$d2f)
    _d2f                                     0x08007371   Thumb Code    98  d2f.o(x$fpl$d2f)
    __aeabi_dadd                             0x080073d5   Thumb Code     0  daddsub_clz.o(x$fpl$dadd)
    _dadd                                    0x080073d5   Thumb Code   332  daddsub_clz.o(x$fpl$dadd)
    __fpl_dcheck_NaN1                        0x08007525   Thumb Code    10  dcheck1.o(x$fpl$dcheck1)
    __fpl_dcmp_Inf                           0x08007535   Thumb Code    24  dcmpi.o(x$fpl$dcmpinf)
    __aeabi_ddiv                             0x0800754d   Thumb Code     0  ddiv.o(x$fpl$ddiv)
    _ddiv                                    0x0800754d   Thumb Code   552  ddiv.o(x$fpl$ddiv)
    __aeabi_cdcmpeq                          0x080077fd   Thumb Code     0  deqf.o(x$fpl$deqf)
    _dcmpeq                                  0x080077fd   Thumb Code   120  deqf.o(x$fpl$deqf)
    __aeabi_i2d                              0x08007875   Thumb Code     0  dflt_clz.o(x$fpl$dflt)
    _dflt                                    0x08007875   Thumb Code    46  dflt_clz.o(x$fpl$dflt)
    __aeabi_ui2d                             0x080078a3   Thumb Code     0  dflt_clz.o(x$fpl$dfltu)
    _dfltu                                   0x080078a3   Thumb Code    38  dflt_clz.o(x$fpl$dfltu)
    __aeabi_cdcmple                          0x080078c9   Thumb Code     0  dleqf.o(x$fpl$dleqf)
    _dcmple                                  0x080078c9   Thumb Code   120  dleqf.o(x$fpl$dleqf)
    __fpl_dcmple_InfNaN                      0x0800792b   Thumb Code     0  dleqf.o(x$fpl$dleqf)
    __aeabi_dmul                             0x08007941   Thumb Code     0  dmul.o(x$fpl$dmul)
    _dmul                                    0x08007941   Thumb Code   332  dmul.o(x$fpl$dmul)
    __fpl_dnaninf                            0x08007a95   Thumb Code   156  dnaninf.o(x$fpl$dnaninf)
    __fpl_dretinf                            0x08007b31   Thumb Code    12  dretinf.o(x$fpl$dretinf)
    __aeabi_cdrcmple                         0x08007b3d   Thumb Code     0  drleqf.o(x$fpl$drleqf)
    _drcmple                                 0x08007b3d   Thumb Code   108  drleqf.o(x$fpl$drleqf)
    __aeabi_drsub                            0x08007ba9   Thumb Code     0  daddsub_clz.o(x$fpl$drsb)
    _drsb                                    0x08007ba9   Thumb Code    22  daddsub_clz.o(x$fpl$drsb)
    _dsqrt                                   0x08007bc1   Thumb Code   456  dsqrt_noumaal.o(x$fpl$dsqrt)
    __aeabi_dsub                             0x08007d8d   Thumb Code     0  daddsub_clz.o(x$fpl$dsub)
    _dsub                                    0x08007d8d   Thumb Code   464  daddsub_clz.o(x$fpl$dsub)
    __aeabi_f2d                              0x08007f61   Thumb Code     0  f2d.o(x$fpl$f2d)
    _f2d                                     0x08007f61   Thumb Code    86  f2d.o(x$fpl$f2d)
    __aeabi_fadd                             0x08007fb9   Thumb Code     0  faddsub_clz.o(x$fpl$fadd)
    _fadd                                    0x08007fb9   Thumb Code   196  faddsub_clz.o(x$fpl$fadd)
    __fpl_fcmp_Inf                           0x0800807d   Thumb Code    24  fcmpi.o(x$fpl$fcmpinf)
    __aeabi_fdiv                             0x08008095   Thumb Code     0  fdiv.o(x$fpl$fdiv)
    _fdiv                                    0x08008095   Thumb Code   384  fdiv.o(x$fpl$fdiv)
    __aeabi_ui2f                             0x08008219   Thumb Code     0  fflt_clz.o(x$fpl$ffltu)
    _ffltu                                   0x08008219   Thumb Code    38  fflt_clz.o(x$fpl$ffltu)
    __aeabi_cfcmple                          0x08008241   Thumb Code     0  fleqf.o(x$fpl$fleqf)
    _fcmple                                  0x08008241   Thumb Code   104  fleqf.o(x$fpl$fleqf)
    __fpl_fcmple_InfNaN                      0x08008293   Thumb Code     0  fleqf.o(x$fpl$fleqf)
    __aeabi_fmul                             0x080082a9   Thumb Code     0  fmul.o(x$fpl$fmul)
    _fmul                                    0x080082a9   Thumb Code   258  fmul.o(x$fpl$fmul)
    __fpl_fnaninf                            0x080083ab   Thumb Code   140  fnaninf.o(x$fpl$fnaninf)
    __fpl_fretinf                            0x08008437   Thumb Code    10  fretinf.o(x$fpl$fretinf)
    __aeabi_cfrcmple                         0x08008441   Thumb Code     0  frleqf.o(x$fpl$frleqf)
    _frcmple                                 0x08008441   Thumb Code    98  frleqf.o(x$fpl$frleqf)
    __aeabi_frsub                            0x080084a3   Thumb Code     0  faddsub_clz.o(x$fpl$frsb)
    _frsb                                    0x080084a3   Thumb Code    20  faddsub_clz.o(x$fpl$frsb)
    __aeabi_fsub                             0x080084b9   Thumb Code     0  faddsub_clz.o(x$fpl$fsub)
    _fsub                                    0x080084b9   Thumb Code   234  faddsub_clz.o(x$fpl$fsub)
    __ieee_status                            0x080085a3   Thumb Code     6  istatus.o(x$fpl$ieeestatus)
    _printf_fp_dec                           0x080085a9   Thumb Code     4  printf1.o(x$fpl$printf1)
    _printf_fp_hex                           0x080085ad   Thumb Code     4  printf2.o(x$fpl$printf2)
    __fpl_return_NaN                         0x080085b1   Thumb Code   100  retnan.o(x$fpl$retnan)
    __ARM_scalbn                             0x08008615   Thumb Code    92  scalbn.o(x$fpl$scalbn)
    _scanf_real                              0x08008671   Thumb Code     4  scanf1.o(x$fpl$scanf1)
    _scanf_hex_real                          0x08008675   Thumb Code     4  scanf2.o(x$fpl$scanf2)
    _scanf_infnan                            0x08008679   Thumb Code     4  scanf2.o(x$fpl$scanf2)
    __fpl_cmpreturn                          0x0800867d   Thumb Code    48  trapv.o(x$fpl$trapveneer)
    OLED_F8x16                               0x080086ac   Data        1520  oled.o(.constdata)
    __I$use$fp                               0x080086ac   Number         0  usenofp.o(x$fpl$usenofp)
    __mathlib_zero                           0x08008d68   Data           8  qnan.o(.constdata)
    Region$$Table$$Base                      0x08008f90   Number         0  anon$$obj.o(Region$$Table)
    Region$$Table$$Limit                     0x08008fb0   Number         0  anon$$obj.o(Region$$Table)
    __aeabi_HUGE_VAL                         0x08008fb0   Data           0  fpconst.o(c$$dinf)
    __aeabi_HUGE_VALL                        0x08008fb0   Data           0  fpconst.o(c$$dinf)
    __aeabi_INFINITY                         0x08008fb0   Data           0  fpconst.o(c$$dinf)
    __dInf                                   0x08008fb0   Data           0  fpconst.o(c$$dinf)
    __huge_val                               0x08008fb0   Data           0  fpconst.o(c$$dinf)
    __dbl_max                                0x08008fb8   Data           0  fpconst.o(c$$dmax)
    __ctype                                  0x08008fcd   Data           0  lc_ctype_c.o(locale$$data)
    SystemCoreClock                          0x20000000   Data           4  system_stm32f10x.o(.data)
    AHBPrescTable                            0x20000004   Data          16  system_stm32f10x.o(.data)
    disconnet                                0x2000002c   Data           1  esp8266.o(.data)
    recv_len                                 0x2000002e   Data           2  esp8266.o(.data)
    alarm                                    0x20000030   Data           1  beep.o(.data)
    alarm_stop                               0x20000031   Data           1  beep.o(.data)
    USART3_RX_STA                            0x20000032   Data           2  usart.o(.data)
    RX3_count                                0x20000034   Data           1  usart.o(.data)
    search_flag                              0x20000035   Data           1  usart.o(.data)
    ipd_len                                  0x20000036   Data           2  usart.o(.data)
    timeout1                                 0x20000038   Data           1  timer.o(.data)
    t                                        0x2000003a   Data           2  timer.o(.data)
    count_flag                               0x2000003c   Data           1  timer.o(.data)
    count                                    0x2000003e   Data           2  timer.o(.data)
    alarm_stop_count                         0x20000040   Data           2  timer.o(.data)
    timeout2                                 0x20000042   Data           2  timer.o(.data)
    AD_Value                                 0x20000044   Data           2  adc.o(.data)
    average_Value                            0x20000046   Data           4  adc.o(.data)
    temp                                     0x2000004c   Data           1  main.o(.data)
    humi                                     0x2000004d   Data           1  main.o(.data)
    mq2                                      0x20000050   Data           4  main.o(.data)
    bh1750                                   0x20000054   Data           4  main.o(.data)
    device_id                                0x20000058   Data          10  main.o(.data)
    dataPtr                                  0x20000064   Data           4  main.o(.data)
    msg_id                                   0x20000068   Data           4  main.o(.data)
    smoke_max                                0x2000006c   Data           4  main.o(.data)
    smoke_min                                0x20000070   Data           4  main.o(.data)
    humi_max                                 0x20000074   Data           4  main.o(.data)
    humi_min                                 0x20000078   Data           4  main.o(.data)
    temp_max                                 0x2000007c   Data           4  main.o(.data)
    temp_min                                 0x20000080   Data           4  main.o(.data)
    light_max                                0x20000084   Data           4  main.o(.data)
    light_min                                0x20000088   Data           4  main.o(.data)
    smoke_alarm                              0x2000008c   Data           1  main.o(.data)
    humi_alarm                               0x2000008d   Data           1  main.o(.data)
    temp_alarm                               0x2000008e   Data           1  main.o(.data)
    light_alarm                              0x2000008f   Data           1  main.o(.data)
    recv                                     0x20000090   Data        1024  esp8266.o(.bss)
    USART1_TX_BUF                            0x20000490   Data        1024  usart.o(.bss)
    USART3_RX_BUF                            0x20000890   Data        1024  usart.o(.bss)
    USART3_TX_BUF                            0x20000c90   Data         200  usart.o(.bss)
    buf                                      0x20000d58   Data        1024  onenet.o(.bss)
    tmp_data                                 0x20001158   Data        1024  onenet.o(.bss)
    alarm_topic                              0x20001558   Data         100  onenet.o(.bss)
    post_topic                               0x200015bc   Data         100  onenet.o(.bss)
    replay_topic                             0x20001620   Data         100  onenet.o(.bss)
    set_topic                                0x20001684   Data         100  onenet.o(.bss)
    msg                                      0x200016e8   Data          20  main.o(.bss)
    cmp_str                                  0x200016fc   Data         200  main.o(.bss)
    params                                   0x200017c4   Data         200  main.o(.bss)
    __libspace_start                         0x2000188c   Data          96  libspace.o(.bss)
    __temporary_stack_top$libspace           0x200018ec   Data           0  libspace.o(.bss)



==============================================================================

Memory Map of the image

  Image Entry point : 0x080000ed

  Load Region LR_IROM1 (Base: 0x08000000, Size: 0x0000917c, Max: 0x00010000, ABSOLUTE)

    Execution Region ER_IROM1 (Exec base: 0x08000000, Load base: 0x08000000, Size: 0x000090ec, Max: 0x00010000, ABSOLUTE)

    Exec Addr    Load Addr    Size         Type   Attr      Idx    E Section Name        Object

    0x08000000   0x08000000   0x000000ec   Data   RO            3    RESET               startup_stm32f10x_md.o
    0x080000ec   0x080000ec   0x00000008   Code   RO         4872  * !!!main             c_w.l(__main.o)
    0x080000f4   0x080000f4   0x00000034   Code   RO         5362    !!!scatter          c_w.l(__scatter.o)
    0x08000128   0x08000128   0x0000001a   Code   RO         5364    !!handler_copy      c_w.l(__scatter_copy.o)
    0x08000142   0x08000142   0x00000002   PAD
    0x08000144   0x08000144   0x0000001c   Code   RO         5366    !!handler_zi        c_w.l(__scatter_zi.o)
    0x08000160   0x08000160   0x00000000   Code   RO         4843    .ARM.Collect$$_printf_percent$$00000000  c_w.l(_printf_percent.o)
    0x08000160   0x08000160   0x00000006   Code   RO         5007    .ARM.Collect$$_printf_percent$$00000001  c_w.l(_printf_n.o)
    0x08000166   0x08000166   0x00000006   Code   RO         5008    .ARM.Collect$$_printf_percent$$00000002  c_w.l(_printf_p.o)
    0x0800016c   0x0800016c   0x00000006   Code   RO         4841    .ARM.Collect$$_printf_percent$$00000003  c_w.l(_printf_f.o)
    0x08000172   0x08000172   0x00000006   Code   RO         4842    .ARM.Collect$$_printf_percent$$00000004  c_w.l(_printf_e.o)
    0x08000178   0x08000178   0x00000006   Code   RO         5012    .ARM.Collect$$_printf_percent$$00000005  c_w.l(_printf_g.o)
    0x0800017e   0x0800017e   0x00000006   Code   RO         5013    .ARM.Collect$$_printf_percent$$00000006  c_w.l(_printf_a.o)
    0x08000184   0x08000184   0x0000000a   Code   RO         5018    .ARM.Collect$$_printf_percent$$00000007  c_w.l(_printf_ll.o)
    0x0800018e   0x0800018e   0x00000006   Code   RO         5010    .ARM.Collect$$_printf_percent$$00000008  c_w.l(_printf_i.o)
    0x08000194   0x08000194   0x00000006   Code   RO         4840    .ARM.Collect$$_printf_percent$$00000009  c_w.l(_printf_d.o)
    0x0800019a   0x0800019a   0x00000006   Code   RO         5011    .ARM.Collect$$_printf_percent$$0000000A  c_w.l(_printf_u.o)
    0x080001a0   0x080001a0   0x00000006   Code   RO         5009    .ARM.Collect$$_printf_percent$$0000000B  c_w.l(_printf_o.o)
    0x080001a6   0x080001a6   0x00000006   Code   RO         4839    .ARM.Collect$$_printf_percent$$0000000C  c_w.l(_printf_x.o)
    0x080001ac   0x080001ac   0x00000006   Code   RO         5015    .ARM.Collect$$_printf_percent$$0000000D  c_w.l(_printf_lli.o)
    0x080001b2   0x080001b2   0x00000006   Code   RO         5016    .ARM.Collect$$_printf_percent$$0000000E  c_w.l(_printf_lld.o)
    0x080001b8   0x080001b8   0x00000006   Code   RO         5017    .ARM.Collect$$_printf_percent$$0000000F  c_w.l(_printf_llu.o)
    0x080001be   0x080001be   0x00000006   Code   RO         5022    .ARM.Collect$$_printf_percent$$00000010  c_w.l(_printf_llo.o)
    0x080001c4   0x080001c4   0x00000006   Code   RO         5023    .ARM.Collect$$_printf_percent$$00000011  c_w.l(_printf_llx.o)
    0x080001ca   0x080001ca   0x0000000a   Code   RO         5019    .ARM.Collect$$_printf_percent$$00000012  c_w.l(_printf_l.o)
    0x080001d4   0x080001d4   0x00000006   Code   RO         5006    .ARM.Collect$$_printf_percent$$00000013  c_w.l(_printf_c.o)
    0x080001da   0x080001da   0x00000006   Code   RO         4838    .ARM.Collect$$_printf_percent$$00000014  c_w.l(_printf_s.o)
    0x080001e0   0x080001e0   0x00000006   Code   RO         5020    .ARM.Collect$$_printf_percent$$00000015  c_w.l(_printf_lc.o)
    0x080001e6   0x080001e6   0x00000006   Code   RO         5021    .ARM.Collect$$_printf_percent$$00000016  c_w.l(_printf_ls.o)
    0x080001ec   0x080001ec   0x00000004   Code   RO         5014    .ARM.Collect$$_printf_percent$$00000017  c_w.l(_printf_percent_end.o)
    0x080001f0   0x080001f0   0x00000002   Code   RO         5279    .ARM.Collect$$libinit$$00000000  c_w.l(libinit.o)
    0x080001f2   0x080001f2   0x00000000   Code   RO         5035    .ARM.Collect$$libinit$$00000002  c_w.l(libinit2.o)
    0x080001f2   0x080001f2   0x00000000   Code   RO         5037    .ARM.Collect$$libinit$$00000004  c_w.l(libinit2.o)
    0x080001f2   0x080001f2   0x00000008   Code   RO         5038    .ARM.Collect$$libinit$$00000005  c_w.l(libinit2.o)
    0x080001fa   0x080001fa   0x00000000   Code   RO         5040    .ARM.Collect$$libinit$$0000000A  c_w.l(libinit2.o)
    0x080001fa   0x080001fa   0x00000000   Code   RO         5042    .ARM.Collect$$libinit$$0000000C  c_w.l(libinit2.o)
    0x080001fa   0x080001fa   0x00000000   Code   RO         5044    .ARM.Collect$$libinit$$0000000E  c_w.l(libinit2.o)
    0x080001fa   0x080001fa   0x00000006   Code   RO         5045    .ARM.Collect$$libinit$$0000000F  c_w.l(libinit2.o)
    0x08000200   0x08000200   0x00000000   Code   RO         5047    .ARM.Collect$$libinit$$00000011  c_w.l(libinit2.o)
    0x08000200   0x08000200   0x0000000c   Code   RO         5048    .ARM.Collect$$libinit$$00000012  c_w.l(libinit2.o)
    0x0800020c   0x0800020c   0x00000000   Code   RO         5049    .ARM.Collect$$libinit$$00000013  c_w.l(libinit2.o)
    0x0800020c   0x0800020c   0x00000000   Code   RO         5051    .ARM.Collect$$libinit$$00000015  c_w.l(libinit2.o)
    0x0800020c   0x0800020c   0x0000000a   Code   RO         5052    .ARM.Collect$$libinit$$00000016  c_w.l(libinit2.o)
    0x08000216   0x08000216   0x00000000   Code   RO         5053    .ARM.Collect$$libinit$$00000017  c_w.l(libinit2.o)
    0x08000216   0x08000216   0x00000000   Code   RO         5055    .ARM.Collect$$libinit$$00000019  c_w.l(libinit2.o)
    0x08000216   0x08000216   0x00000000   Code   RO         5057    .ARM.Collect$$libinit$$0000001B  c_w.l(libinit2.o)
    0x08000216   0x08000216   0x00000000   Code   RO         5059    .ARM.Collect$$libinit$$0000001D  c_w.l(libinit2.o)
    0x08000216   0x08000216   0x00000000   Code   RO         5061    .ARM.Collect$$libinit$$0000001F  c_w.l(libinit2.o)
    0x08000216   0x08000216   0x00000000   Code   RO         5063    .ARM.Collect$$libinit$$00000021  c_w.l(libinit2.o)
    0x08000216   0x08000216   0x00000000   Code   RO         5065    .ARM.Collect$$libinit$$00000023  c_w.l(libinit2.o)
    0x08000216   0x08000216   0x00000000   Code   RO         5067    .ARM.Collect$$libinit$$00000025  c_w.l(libinit2.o)
    0x08000216   0x08000216   0x00000000   Code   RO         5071    .ARM.Collect$$libinit$$0000002C  c_w.l(libinit2.o)
    0x08000216   0x08000216   0x00000000   Code   RO         5073    .ARM.Collect$$libinit$$0000002E  c_w.l(libinit2.o)
    0x08000216   0x08000216   0x00000000   Code   RO         5075    .ARM.Collect$$libinit$$00000030  c_w.l(libinit2.o)
    0x08000216   0x08000216   0x00000000   Code   RO         5077    .ARM.Collect$$libinit$$00000032  c_w.l(libinit2.o)
    0x08000216   0x08000216   0x00000002   Code   RO         5078    .ARM.Collect$$libinit$$00000033  c_w.l(libinit2.o)
    0x08000218   0x08000218   0x00000002   Code   RO         5359    .ARM.Collect$$libshutdown$$00000000  c_w.l(libshutdown.o)
    0x0800021a   0x0800021a   0x00000000   Code   RO         5301    .ARM.Collect$$libshutdown$$00000002  c_w.l(libshutdown2.o)
    0x0800021a   0x0800021a   0x00000000   Code   RO         5303    .ARM.Collect$$libshutdown$$00000004  c_w.l(libshutdown2.o)
    0x0800021a   0x0800021a   0x00000000   Code   RO         5306    .ARM.Collect$$libshutdown$$00000007  c_w.l(libshutdown2.o)
    0x0800021a   0x0800021a   0x00000000   Code   RO         5309    .ARM.Collect$$libshutdown$$0000000A  c_w.l(libshutdown2.o)
    0x0800021a   0x0800021a   0x00000000   Code   RO         5311    .ARM.Collect$$libshutdown$$0000000C  c_w.l(libshutdown2.o)
    0x0800021a   0x0800021a   0x00000000   Code   RO         5314    .ARM.Collect$$libshutdown$$0000000F  c_w.l(libshutdown2.o)
    0x0800021a   0x0800021a   0x00000002   Code   RO         5315    .ARM.Collect$$libshutdown$$00000010  c_w.l(libshutdown2.o)
    0x0800021c   0x0800021c   0x00000000   Code   RO         4944    .ARM.Collect$$rtentry$$00000000  c_w.l(__rtentry.o)
    0x0800021c   0x0800021c   0x00000000   Code   RO         5137    .ARM.Collect$$rtentry$$00000002  c_w.l(__rtentry2.o)
    0x0800021c   0x0800021c   0x00000006   Code   RO         5149    .ARM.Collect$$rtentry$$00000004  c_w.l(__rtentry4.o)
    0x08000222   0x08000222   0x00000000   Code   RO         5139    .ARM.Collect$$rtentry$$00000009  c_w.l(__rtentry2.o)
    0x08000222   0x08000222   0x00000004   Code   RO         5140    .ARM.Collect$$rtentry$$0000000A  c_w.l(__rtentry2.o)
    0x08000226   0x08000226   0x00000000   Code   RO         5142    .ARM.Collect$$rtentry$$0000000C  c_w.l(__rtentry2.o)
    0x08000226   0x08000226   0x00000008   Code   RO         5143    .ARM.Collect$$rtentry$$0000000D  c_w.l(__rtentry2.o)
    0x0800022e   0x0800022e   0x00000002   Code   RO         5288    .ARM.Collect$$rtexit$$00000000  c_w.l(rtexit.o)
    0x08000230   0x08000230   0x00000000   Code   RO         5333    .ARM.Collect$$rtexit$$00000002  c_w.l(rtexit2.o)
    0x08000230   0x08000230   0x00000004   Code   RO         5334    .ARM.Collect$$rtexit$$00000003  c_w.l(rtexit2.o)
    0x08000234   0x08000234   0x00000006   Code   RO         5335    .ARM.Collect$$rtexit$$00000004  c_w.l(rtexit2.o)
    0x0800023a   0x0800023a   0x00000002   PAD
    0x0800023c   0x0800023c   0x00000000   Code   RO         5158    .emb_text           c_w.l(maybetermalloc1.o)
    0x0800023c   0x0800023c   0x00000040   Code   RO            4    .text               startup_stm32f10x_md.o
    0x0800027c   0x0800027c   0x0000005e   Code   RO         4719    .text               c_w.l(h1_alloc.o)
    0x080002da   0x080002da   0x0000004e   Code   RO         4721    .text               c_w.l(h1_free.o)
    0x08000328   0x08000328   0x00000024   Code   RO         4779    .text               c_w.l(vsprintf.o)
    0x0800034c   0x0800034c   0x0000002c   Code   RO         4781    .text               c_w.l(__2sprintf.o)
    0x08000378   0x08000378   0x00000038   Code   RO         4783    .text               c_w.l(__2snprintf.o)
    0x080003b0   0x080003b0   0x0000004e   Code   RO         4791    .text               c_w.l(_printf_pad.o)
    0x080003fe   0x080003fe   0x00000052   Code   RO         4793    .text               c_w.l(_printf_str.o)
    0x08000450   0x08000450   0x00000078   Code   RO         4795    .text               c_w.l(_printf_dec.o)
    0x080004c8   0x080004c8   0x00000094   Code   RO         4815    .text               c_w.l(_printf_hex_int_ll_ptr.o)
    0x0800055c   0x0800055c   0x00000188   Code   RO         4835    .text               c_w.l(__printf_flags_ss_wp.o)
    0x080006e4   0x080006e4   0x0000003c   Code   RO         4844    .text               c_w.l(__0sscanf.o)
    0x08000720   0x08000720   0x00000014   Code   RO         4848    .text               c_w.l(strchr.o)
    0x08000734   0x08000734   0x00000024   Code   RO         4850    .text               c_w.l(strncat.o)
    0x08000758   0x08000758   0x00000024   Code   RO         4852    .text               c_w.l(strstr.o)
    0x0800077c   0x0800077c   0x00000048   Code   RO         4854    .text               c_w.l(strcpy.o)
    0x080007c4   0x080007c4   0x0000003e   Code   RO         4856    .text               c_w.l(strlen.o)
    0x08000802   0x08000802   0x00000018   Code   RO         4860    .text               c_w.l(strcat.o)
    0x0800081a   0x0800081a   0x0000008a   Code   RO         4862    .text               c_w.l(rt_memcpy_v6.o)
    0x080008a4   0x080008a4   0x00000064   Code   RO         4864    .text               c_w.l(rt_memcpy_w.o)
    0x08000908   0x08000908   0x00000044   Code   RO         4866    .text               c_w.l(rt_memclr.o)
    0x0800094c   0x0800094c   0x0000004e   Code   RO         4868    .text               c_w.l(rt_memclr_w.o)
    0x0800099a   0x0800099a   0x00000006   Code   RO         4870    .text               c_w.l(heapauxi.o)
    0x080009a0   0x080009a0   0x00000010   Code   RO         4945    .text               c_w.l(rt_ctype_table.o)
    0x080009b0   0x080009b0   0x00000008   Code   RO         4950    .text               c_w.l(rt_heap_descriptor_intlibspace.o)
    0x080009b8   0x080009b8   0x00000008   Code   RO         4955    .text               c_w.l(rt_errno_addr_intlibspace.o)
    0x080009c0   0x080009c0   0x00000004   Code   RO         4957    .text               c_w.l(hguard.o)
    0x080009c4   0x080009c4   0x0000008a   Code   RO         4959    .text               c_w.l(init_alloc.o)
    0x08000a4e   0x08000a4e   0x0000000e   Code   RO         4963    .text               c_w.l(h1_init.o)
    0x08000a5c   0x08000a5c   0x00000016   Code   RO         4977    .text               c_w.l(_rserrno.o)
    0x08000a72   0x08000a72   0x00000024   Code   RO         4979    .text               c_w.l(_printf_truncate.o)
    0x08000a96   0x08000a96   0x000000b2   Code   RO         4981    .text               c_w.l(_printf_intcommon.o)
    0x08000b48   0x08000b48   0x00000028   Code   RO         4983    .text               c_w.l(_printf_charcount.o)
    0x08000b70   0x08000b70   0x0000041e   Code   RO         4985    .text               c_w.l(_printf_fp_dec.o)
    0x08000f8e   0x08000f8e   0x00000002   PAD
    0x08000f90   0x08000f90   0x00000030   Code   RO         4987    .text               c_w.l(_printf_char_common.o)
    0x08000fc0   0x08000fc0   0x0000000a   Code   RO         4989    .text               c_w.l(_sputc.o)
    0x08000fca   0x08000fca   0x00000010   Code   RO         4991    .text               c_w.l(_snputc.o)
    0x08000fda   0x08000fda   0x0000002c   Code   RO         4993    .text               c_w.l(_printf_char.o)
    0x08001006   0x08001006   0x00000002   PAD
    0x08001008   0x08001008   0x000000bc   Code   RO         4995    .text               c_w.l(_printf_wctomb.o)
    0x080010c4   0x080010c4   0x0000007c   Code   RO         4998    .text               c_w.l(_printf_longlong_dec.o)
    0x08001140   0x08001140   0x00000070   Code   RO         5004    .text               c_w.l(_printf_oct_int_ll.o)
    0x080011b0   0x080011b0   0x000004f8   Code   RO         5024    .text               c_w.l(scanf_fp.o)
    0x080016a8   0x080016a8   0x0000002c   Code   RO         5026    .text               c_w.l(scanf_char.o)
    0x080016d4   0x080016d4   0x00000040   Code   RO         5028    .text               c_w.l(_sgetc.o)
    0x08001714   0x08001714   0x00000008   Code   RO         5133    .text               c_w.l(libspace.o)
    0x0800171c   0x0800171c   0x00000008   Code   RO         5154    .text               c_w.l(rt_locale_intlibspace.o)
    0x08001724   0x08001724   0x00000034   Code   RO         5160    .text               c_w.l(h1_extend.o)
    0x08001758   0x08001758   0x0000008a   Code   RO         5164    .text               c_w.l(lludiv10.o)
    0x080017e2   0x080017e2   0x00000012   Code   RO         5166    .text               c_w.l(isspace.o)
    0x080017f4   0x080017f4   0x000002fc   Code   RO         5168    .text               c_w.l(_printf_fp_hex.o)
    0x08001af0   0x08001af0   0x00000080   Code   RO         5171    .text               c_w.l(_printf_fp_infnan.o)
    0x08001b70   0x08001b70   0x0000002c   Code   RO         5175    .text               c_w.l(_printf_wchar.o)
    0x08001b9c   0x08001b9c   0x00000374   Code   RO         5177    .text               c_w.l(_scanf.o)
    0x08001f10   0x08001f10   0x000000e4   Code   RO         5181    .text               c_w.l(bigflt0.o)
    0x08001ff4   0x08001ff4   0x00000040   Code   RO         5206    .text               c_w.l(_wcrtomb.o)
    0x08002034   0x08002034   0x0000000e   Code   RO         5214    .text               c_w.l(defsig_rtmem_outer.o)
    0x08002042   0x08002042   0x00000002   Code   RO         5247    .text               c_w.l(use_no_semi.o)
    0x08002044   0x08002044   0x00000000   Code   RO         5249    .text               c_w.l(indicate_semi.o)
    0x08002044   0x08002044   0x0000004a   Code   RO         5250    .text               c_w.l(sys_stackheap_outer.o)
    0x0800208e   0x0800208e   0x0000001c   Code   RO         5256    .text               c_w.l(_chval.o)
    0x080020aa   0x080020aa   0x00000002   PAD
    0x080020ac   0x080020ac   0x00000320   Code   RO         5258    .text               c_w.l(scanf_hexfp.o)
    0x080023cc   0x080023cc   0x00000134   Code   RO         5260    .text               c_w.l(scanf_infnan.o)
    0x08002500   0x08002500   0x00000012   Code   RO         5262    .text               c_w.l(exit.o)
    0x08002512   0x08002512   0x0000000a   Code   RO         5264    .text               c_w.l(defsig_exit.o)
    0x0800251c   0x0800251c   0x00000050   Code   RO         5266    .text               c_w.l(defsig_rtmem_inner.o)
    0x0800256c   0x0800256c   0x00000080   Code   RO         5268    .text               c_w.l(strcmpv7m.o)
    0x080025ec   0x080025ec   0x0000000c   Code   RO         5286    .text               c_w.l(sys_exit.o)
    0x080025f8   0x080025f8   0x00000026   Code   RO         5294    .text               c_w.l(llshl.o)
    0x0800261e   0x0800261e   0x00000032   Code   RO         5298    .text               c_w.l(defsig_general.o)
    0x08002650   0x08002650   0x0000000e   Code   RO         5330    .text               c_w.l(sys_wrch.o)
    0x0800265e   0x0800265e   0x0000003e   Code   RO         5184    CL$$btod_d2e        c_w.l(btod.o)
    0x0800269c   0x0800269c   0x00000046   Code   RO         5186    CL$$btod_d2e_denorm_low  c_w.l(btod.o)
    0x080026e2   0x080026e2   0x00000060   Code   RO         5185    CL$$btod_d2e_norm_op1  c_w.l(btod.o)
    0x08002742   0x08002742   0x00000338   Code   RO         5194    CL$$btod_div_common  c_w.l(btod.o)
    0x08002a7a   0x08002a7a   0x00000002   PAD
    0x08002a7c   0x08002a7c   0x00000084   Code   RO         5192    CL$$btod_e2d        c_w.l(btod.o)
    0x08002b00   0x08002b00   0x000000dc   Code   RO         5191    CL$$btod_e2e        c_w.l(btod.o)
    0x08002bdc   0x08002bdc   0x0000002a   Code   RO         5188    CL$$btod_ediv       c_w.l(btod.o)
    0x08002c06   0x08002c06   0x0000002a   Code   RO         5190    CL$$btod_edivd      c_w.l(btod.o)
    0x08002c30   0x08002c30   0x0000002a   Code   RO         5187    CL$$btod_emul       c_w.l(btod.o)
    0x08002c5a   0x08002c5a   0x0000002a   Code   RO         5189    CL$$btod_emuld      c_w.l(btod.o)
    0x08002c84   0x08002c84   0x00000244   Code   RO         5193    CL$$btod_mult_common  c_w.l(btod.o)
    0x08002ec8   0x08002ec8   0x00000038   Code   RO         3805    i.ADC1_Average_Data  adc.o
    0x08002f00   0x08002f00   0x00000016   Code   RO          202    i.ADC_Cmd           stm32f10x_adc.o
    0x08002f16   0x08002f16   0x00000016   Code   RO          203    i.ADC_DMACmd        stm32f10x_adc.o
    0x08002f2c   0x08002f2c   0x00000014   Code   RO          210    i.ADC_GetCalibrationStatus  stm32f10x_adc.o
    0x08002f40   0x08002f40   0x00000014   Code   RO          216    i.ADC_GetResetCalibrationStatus  stm32f10x_adc.o
    0x08002f54   0x08002f54   0x00000050   Code   RO          220    i.ADC_Init          stm32f10x_adc.o
    0x08002fa4   0x08002fa4   0x000000b8   Code   RO          224    i.ADC_RegularChannelConfig  stm32f10x_adc.o
    0x0800305c   0x0800305c   0x0000000a   Code   RO          225    i.ADC_ResetCalibration  stm32f10x_adc.o
    0x08003066   0x08003066   0x00000016   Code   RO          227    i.ADC_SoftwareStartConvCmd  stm32f10x_adc.o
    0x0800307c   0x0800307c   0x0000000a   Code   RO          229    i.ADC_StartCalibration  stm32f10x_adc.o
    0x08003086   0x08003086   0x00000002   PAD
    0x08003088   0x08003088   0x00000100   Code   RO         3806    i.AD_Init           adc.o
    0x08003188   0x08003188   0x00000038   Code   RO         3591    i.BEEP_Init         beep.o
    0x080031c0   0x080031c0   0x00000032   Code   RO         4117    i.BH1750_Byte_Write  bh1750.o
    0x080031f2   0x080031f2   0x00000012   Code   RO         4118    i.BH1750_Init       bh1750.o
    0x08003204   0x08003204   0x0000001c   Code   RO         4120    i.BH1750_Power_ON   bh1750.o
    0x08003220   0x08003220   0x0000003a   Code   RO         4122    i.BH1750_Read_Measure  bh1750.o
    0x0800325a   0x0800325a   0x00000004   Code   RO         4650    i.BusFault_Handler  stm32f10x_it.o
    0x0800325e   0x0800325e   0x00000002   PAD
    0x08003260   0x08003260   0x0000005c   Code   RO         3745    i.DHT11_Check       dht11.o
    0x080032bc   0x080032bc   0x00000020   Code   RO         3746    i.DHT11_IO_IN       dht11.o
    0x080032dc   0x080032dc   0x00000024   Code   RO         3747    i.DHT11_IO_OUT      dht11.o
    0x08003300   0x08003300   0x00000014   Code   RO         3748    i.DHT11_Init        dht11.o
    0x08003314   0x08003314   0x0000002c   Code   RO         3749    i.DHT11_RST         dht11.o
    0x08003340   0x08003340   0x00000060   Code   RO         3750    i.DHT11_Read_Bit    dht11.o
    0x080033a0   0x080033a0   0x0000001e   Code   RO         3751    i.DHT11_Read_Byte   dht11.o
    0x080033be   0x080033be   0x00000058   Code   RO         3752    i.DHT11_Read_Data   dht11.o
    0x08003416   0x08003416   0x00000018   Code   RO          911    i.DMA_Cmd           stm32f10x_dma.o
    0x0800342e   0x0800342e   0x0000003c   Code   RO          917    i.DMA_Init          stm32f10x_dma.o
    0x0800346a   0x0800346a   0x00000002   Code   RO         4651    i.DebugMon_Handler  stm32f10x_it.o
    0x0800346c   0x0800346c   0x0000001c   Code   RO         3439    i.ESP8266_Clear     esp8266.o
    0x08003488   0x08003488   0x00000050   Code   RO         3440    i.ESP8266_GetIPD    esp8266.o
    0x080034d8   0x080034d8   0x000000c4   Code   RO         3609    i.ESP8266_Init      usart.o
    0x0800359c   0x0800359c   0x0000007c   Code   RO         3441    i.ESP8266_SendCmd   esp8266.o
    0x08003618   0x08003618   0x00000048   Code   RO         3442    i.ESP8266_SendData  esp8266.o
    0x08003660   0x08003660   0x0000001c   Code   RO         3443    i.ESP8266_WaitRecive  esp8266.o
    0x0800367c   0x0800367c   0x0000001c   Code   RO         1058    i.FLASH_PrefetchBufferCmd  stm32f10x_flash.o
    0x08003698   0x08003698   0x00000018   Code   RO         1063    i.FLASH_SetLatency  stm32f10x_flash.o
    0x080036b0   0x080036b0   0x00000116   Code   RO         1347    i.GPIO_Init         stm32f10x_gpio.o
    0x080037c6   0x080037c6   0x00000012   Code   RO         1351    i.GPIO_ReadInputDataBit  stm32f10x_gpio.o
    0x080037d8   0x080037d8   0x00000004   Code   RO         1354    i.GPIO_ResetBits    stm32f10x_gpio.o
    0x080037dc   0x080037dc   0x00000004   Code   RO         1355    i.GPIO_SetBits      stm32f10x_gpio.o
    0x080037e0   0x080037e0   0x0000000a   Code   RO         1358    i.GPIO_WriteBit     stm32f10x_gpio.o
    0x080037ea   0x080037ea   0x00000004   Code   RO         4652    i.HardFault_Handler  stm32f10x_it.o
    0x080037ee   0x080037ee   0x00000002   PAD
    0x080037f0   0x080037f0   0x00000030   Code   RO         4123    i.I2C_BH1750_GPIOConfig  bh1750.o
    0x08003820   0x08003820   0x0000012c   Code   RO         3610    i.IPD_Search        usart.o
    0x0800394c   0x0800394c   0x00000024   Code   RO         4124    i.LIght_Intensity   bh1750.o
    0x08003970   0x08003970   0x0000001c   Code   RO         3845    i.MQTT_DeleteBuffer  mqtt.o
    0x0800398c   0x0800398c   0x0000002e   Code   RO         3846    i.MQTT_DumpLength   mqtt.o
    0x080039ba   0x080039ba   0x00000002   PAD
    0x080039bc   0x080039bc   0x0000006c   Code   RO         3847    i.MQTT_NewBuffer    mqtt.o
    0x08003a28   0x08003a28   0x00000224   Code   RO         3849    i.MQTT_PacketConnect  mqtt.o
    0x08003c4c   0x08003c4c   0x000001f0   Code   RO         3852    i.MQTT_PacketPublish  mqtt.o
    0x08003e3c   0x08003e3c   0x00000038   Code   RO         3858    i.MQTT_PacketSaveData  mqtt.o
    0x08003e74   0x08003e74   0x000000fe   Code   RO         3859    i.MQTT_PacketSubscribe  mqtt.o
    0x08003f72   0x08003f72   0x00000046   Code   RO         3861    i.MQTT_ReadLength   mqtt.o
    0x08003fb8   0x08003fb8   0x0000001e   Code   RO         3863    i.MQTT_UnPacketConnectAck  mqtt.o
    0x08003fd6   0x08003fd6   0x00000002   PAD
    0x08003fd8   0x08003fd8   0x00000074   Code   RO         3869    i.MQTT_UnPacketRecv  mqtt.o
    0x0800404c   0x0800404c   0x00000004   Code   RO         4653    i.MemManage_Handler  stm32f10x_it.o
    0x08004050   0x08004050   0x00000002   Code   RO         4654    i.NMI_Handler       stm32f10x_it.o
    0x08004052   0x08004052   0x00000002   PAD
    0x08004054   0x08004054   0x00000070   Code   RO          137    i.NVIC_Init         misc.o
    0x080040c4   0x080040c4   0x00000014   Code   RO          138    i.NVIC_PriorityGroupConfig  misc.o
    0x080040d8   0x080040d8   0x0000002a   Code   RO         3328    i.OLED_Clear        oled.o
    0x08004102   0x08004102   0x00000002   PAD
    0x08004104   0x08004104   0x00000050   Code   RO         3329    i.OLED_I2C_Init     oled.o
    0x08004154   0x08004154   0x00000054   Code   RO         3330    i.OLED_I2C_SendByte  oled.o
    0x080041a8   0x080041a8   0x00000034   Code   RO         3331    i.OLED_I2C_Start    oled.o
    0x080041dc   0x080041dc   0x00000028   Code   RO         3332    i.OLED_I2C_Stop     oled.o
    0x08004204   0x08004204   0x000000ae   Code   RO         3333    i.OLED_Init         oled.o
    0x080042b2   0x080042b2   0x00000022   Code   RO         3335    i.OLED_SetCursor    oled.o
    0x080042d4   0x080042d4   0x00000074   Code   RO         3337    i.OLED_ShowChar     oled.o
    0x08004348   0x08004348   0x00000028   Code   RO         3341    i.OLED_ShowString   oled.o
    0x08004370   0x08004370   0x00000020   Code   RO         3342    i.OLED_WriteCommand  oled.o
    0x08004390   0x08004390   0x00000020   Code   RO         3343    i.OLED_WriteData    oled.o
    0x080043b0   0x080043b0   0x00000094   Code   RO         4034    i.OneNET_Subscribe  onenet.o
    0x08004444   0x08004444   0x000000ac   Code   RO         4035    i.OneNet_Alarm      onenet.o
    0x080044f0   0x080044f0   0x00000274   Code   RO         4036    i.OneNet_DevLink    onenet.o
    0x08004764   0x08004764   0x000004d8   Code   RO         4037    i.OneNet_FillBuf    onenet.o
    0x08004c3c   0x08004c3c   0x000000ac   Code   RO         4038    i.OneNet_Reply      onenet.o
    0x08004ce8   0x08004ce8   0x00000100   Code   RO         4040    i.OneNet_SendData   onenet.o
    0x08004de8   0x08004de8   0x00000002   Code   RO         4655    i.PendSV_Handler    stm32f10x_it.o
    0x08004dea   0x08004dea   0x00000002   PAD
    0x08004dec   0x08004dec   0x00000018   Code   RO         1773    i.RCC_ADCCLKConfig  stm32f10x_rcc.o
    0x08004e04   0x08004e04   0x00000020   Code   RO         1774    i.RCC_AHBPeriphClockCmd  stm32f10x_rcc.o
    0x08004e24   0x08004e24   0x00000020   Code   RO         1775    i.RCC_APB1PeriphClockCmd  stm32f10x_rcc.o
    0x08004e44   0x08004e44   0x00000020   Code   RO         1777    i.RCC_APB2PeriphClockCmd  stm32f10x_rcc.o
    0x08004e64   0x08004e64   0x0000006a   Code   RO         4582    i.RCC_Configuration  main.o
    0x08004ece   0x08004ece   0x00000002   PAD
    0x08004ed0   0x08004ed0   0x0000004c   Code   RO         1784    i.RCC_DeInit        stm32f10x_rcc.o
    0x08004f1c   0x08004f1c   0x000000d4   Code   RO         1785    i.RCC_GetClocksFreq  stm32f10x_rcc.o
    0x08004ff0   0x08004ff0   0x0000003c   Code   RO         1786    i.RCC_GetFlagStatus  stm32f10x_rcc.o
    0x0800502c   0x0800502c   0x00000010   Code   RO         1788    i.RCC_GetSYSCLKSource  stm32f10x_rcc.o
    0x0800503c   0x0800503c   0x00000018   Code   RO         1789    i.RCC_HCLKConfig    stm32f10x_rcc.o
    0x08005054   0x08005054   0x0000004c   Code   RO         1790    i.RCC_HSEConfig     stm32f10x_rcc.o
    0x080050a0   0x080050a0   0x00000018   Code   RO         1796    i.RCC_PCLK1Config   stm32f10x_rcc.o
    0x080050b8   0x080050b8   0x00000018   Code   RO         1797    i.RCC_PCLK2Config   stm32f10x_rcc.o
    0x080050d0   0x080050d0   0x0000000c   Code   RO         1798    i.RCC_PLLCmd        stm32f10x_rcc.o
    0x080050dc   0x080050dc   0x0000001c   Code   RO         1799    i.RCC_PLLConfig     stm32f10x_rcc.o
    0x080050f8   0x080050f8   0x00000018   Code   RO         1802    i.RCC_SYSCLKConfig  stm32f10x_rcc.o
    0x08005110   0x08005110   0x00000002   Code   RO         4656    i.SVC_Handler       stm32f10x_it.o
    0x08005112   0x08005112   0x00000008   Code   RO           24    i.SetSysClock       system_stm32f10x.o
    0x0800511a   0x0800511a   0x00000002   PAD
    0x0800511c   0x0800511c   0x000000e0   Code   RO           25    i.SetSysClockTo72   system_stm32f10x.o
    0x080051fc   0x080051fc   0x00000070   Code   RO         3807    i.Smog_GetPPM       adc.o
    0x0800526c   0x0800526c   0x00000030   Code   RO         3808    i.Smog_Get_Vol      adc.o
    0x0800529c   0x0800529c   0x00000028   Code   RO          141    i.SysTick_CLKSourceConfig  misc.o
    0x080052c4   0x080052c4   0x00000002   Code   RO         4657    i.SysTick_Handler   stm32f10x_it.o
    0x080052c6   0x080052c6   0x00000002   PAD
    0x080052c8   0x080052c8   0x00000060   Code   RO           27    i.SystemInit        system_stm32f10x.o
    0x08005328   0x08005328   0x000000d0   Code   RO         3717    i.TIM2_IRQHandler   timer.o
    0x080053f8   0x080053f8   0x00000030   Code   RO         3611    i.TIM4_IRQHandler   usart.o
    0x08005428   0x08005428   0x00000054   Code   RO         3612    i.TIM4_Init         usart.o
    0x0800547c   0x0800547c   0x00000028   Code   RO         3613    i.TIM4_Set          usart.o
    0x080054a4   0x080054a4   0x00000006   Code   RO         2415    i.TIM_ClearFlag     stm32f10x_tim.o
    0x080054aa   0x080054aa   0x00000006   Code   RO         2416    i.TIM_ClearITPendingBit  stm32f10x_tim.o
    0x080054b0   0x080054b0   0x00000018   Code   RO         2421    i.TIM_Cmd           stm32f10x_tim.o
    0x080054c8   0x080054c8   0x00000022   Code   RO         2442    i.TIM_GetITStatus   stm32f10x_tim.o
    0x080054ea   0x080054ea   0x00000012   Code   RO         2446    i.TIM_ITConfig      stm32f10x_tim.o
    0x080054fc   0x080054fc   0x00000004   Code   RO         2486    i.TIM_SetCounter    stm32f10x_tim.o
    0x08005500   0x08005500   0x000000a4   Code   RO         2492    i.TIM_TimeBaseInit  stm32f10x_tim.o
    0x080055a4   0x080055a4   0x00000066   Code   RO         3718    i.Timer_Init        timer.o
    0x0800560a   0x0800560a   0x00000002   PAD
    0x0800560c   0x0800560c   0x000000d8   Code   RO         4041    i.Topic_Init        onenet.o
    0x080056e4   0x080056e4   0x00000028   Code   RO         3614    i.USART1_IRQHandler  usart.o
    0x0800570c   0x0800570c   0x00000080   Code   RO         3615    i.USART3_IRQHandler  usart.o
    0x0800578c   0x0800578c   0x0000001e   Code   RO         2957    i.USART_ClearITPendingBit  stm32f10x_usart.o
    0x080057aa   0x080057aa   0x00000018   Code   RO         2960    i.USART_Cmd         stm32f10x_usart.o
    0x080057c2   0x080057c2   0x0000001a   Code   RO         2963    i.USART_GetFlagStatus  stm32f10x_usart.o
    0x080057dc   0x080057dc   0x00000054   Code   RO         2964    i.USART_GetITStatus  stm32f10x_usart.o
    0x08005830   0x08005830   0x0000004a   Code   RO         2966    i.USART_ITConfig    stm32f10x_usart.o
    0x0800587a   0x0800587a   0x00000002   PAD
    0x0800587c   0x0800587c   0x000000d8   Code   RO         2967    i.USART_Init        stm32f10x_usart.o
    0x08005954   0x08005954   0x00000008   Code   RO         2977    i.USART_SendData    stm32f10x_usart.o
    0x0800595c   0x0800595c   0x00000004   Code   RO         4658    i.UsageFault_Handler  stm32f10x_it.o
    0x08005960   0x08005960   0x00000032   Code   RO         3616    i.Usart_SendString  usart.o
    0x08005992   0x08005992   0x00000028   Code   RO         5118    i.__ARM_fpclassify  m_ws.l(fpclassify.o)
    0x080059ba   0x080059ba   0x000000aa   Code   RO         5120    i.__kernel_poly     m_ws.l(poly.o)
    0x08005a64   0x08005a64   0x00000010   Code   RO         5104    i.__mathlib_dbl_divzero  m_ws.l(dunder.o)
    0x08005a74   0x08005a74   0x00000004   Code   RO         5106    i.__mathlib_dbl_infnan2  m_ws.l(dunder.o)
    0x08005a78   0x08005a78   0x0000000c   Code   RO         5107    i.__mathlib_dbl_invalid  m_ws.l(dunder.o)
    0x08005a84   0x08005a84   0x0000000e   Code   RO         5108    i.__mathlib_dbl_overflow  m_ws.l(dunder.o)
    0x08005a92   0x08005a92   0x00000002   PAD
    0x08005a94   0x08005a94   0x00000010   Code   RO         5110    i.__mathlib_dbl_underflow  m_ws.l(dunder.o)
    0x08005aa4   0x08005aa4   0x00000010   Code   RO         5241    i.__mathlib_narrow  m_ws.l(narrow.o)
    0x08005ab4   0x08005ab4   0x000000bc   Code   RO         5242    i.__mathlib_tofloat  m_ws.l(narrow.o)
    0x08005b70   0x08005b70   0x00000016   Code   RO         5319    i.__support_ldexp   m_ws.l(ldexp.o)
    0x08005b86   0x08005b86   0x0000000e   Code   RO         4828    i._is_digit         c_w.l(__printf_wp.o)
    0x08005b94   0x08005b94   0x00000044   Code   RO         3196    i.delay_init        delay.o
    0x08005bd8   0x08005bd8   0x0000004c   Code   RO         3197    i.delay_ms          delay.o
    0x08005c24   0x08005c24   0x0000004c   Code   RO         3198    i.delay_us          delay.o
    0x08005c70   0x08005c70   0x00000194   Code   RO         3444    i.esp_init          esp8266.o
    0x08005e04   0x08005e04   0x00000058   Code   RO         5283    i.frexp             m_ws.l(frexp.o)
    0x08005e5c   0x08005e5c   0x00000030   Code   RO         4125    i.i2c_Ack           bh1750.o
    0x08005e8c   0x08005e8c   0x0000001c   Code   RO         4126    i.i2c_CheckDevice   bh1750.o
    0x08005ea8   0x08005ea8   0x0000000e   Code   RO         4127    i.i2c_Delay         bh1750.o
    0x08005eb6   0x08005eb6   0x00000002   PAD
    0x08005eb8   0x08005eb8   0x00000028   Code   RO         4128    i.i2c_NAck          bh1750.o
    0x08005ee0   0x08005ee0   0x00000044   Code   RO         4129    i.i2c_ReadByte      bh1750.o
    0x08005f24   0x08005f24   0x00000054   Code   RO         4130    i.i2c_SendByte      bh1750.o
    0x08005f78   0x08005f78   0x00000030   Code   RO         4131    i.i2c_Start         bh1750.o
    0x08005fa8   0x08005fa8   0x00000020   Code   RO         4132    i.i2c_Stop          bh1750.o
    0x08005fc8   0x08005fc8   0x0000003c   Code   RO         4133    i.i2c_WaitAck       bh1750.o
    0x08006004   0x08006004   0x00000074   Code   RO         5320    i.ldexp             m_ws.l(ldexp.o)
    0x08006078   0x08006078   0x0000060c   Code   RO         4583    i.main              main.o
    0x08006684   0x08006684   0x00000174   Code   RO         4584    i.parseJSON         main.o
    0x080067f8   0x080067f8   0x000009d8   Code   RO         4933    i.pow               m_ws.l(pow.o)
    0x080071d0   0x080071d0   0x0000004c   Code   RO         5124    i.sqrt              m_ws.l(sqrt.o)
    0x0800721c   0x0800721c   0x00000050   Code   RO         3617    i.u1_printf         usart.o
    0x0800726c   0x0800726c   0x000000ac   Code   RO         3619    i.upper_USART_init  usart.o
    0x08007318   0x08007318   0x0000002c   Code   RO         5209    locale$$code        c_w.l(lc_ctype_c.o)
    0x08007344   0x08007344   0x0000002c   Code   RO         5212    locale$$code        c_w.l(lc_numeric_c.o)
    0x08007370   0x08007370   0x00000062   Code   RO         4874    x$fpl$d2f           fz_ws.l(d2f.o)
    0x080073d2   0x080073d2   0x00000002   PAD
    0x080073d4   0x080073d4   0x00000150   Code   RO         4876    x$fpl$dadd          fz_ws.l(daddsub_clz.o)
    0x08007524   0x08007524   0x00000010   Code   RO         5223    x$fpl$dcheck1       fz_ws.l(dcheck1.o)
    0x08007534   0x08007534   0x00000018   Code   RO         5079    x$fpl$dcmpinf       fz_ws.l(dcmpi.o)
    0x0800754c   0x0800754c   0x000002b0   Code   RO         5082    x$fpl$ddiv          fz_ws.l(ddiv.o)
    0x080077fc   0x080077fc   0x00000078   Code   RO         4882    x$fpl$deqf          fz_ws.l(deqf.o)
    0x08007874   0x08007874   0x0000002e   Code   RO         4889    x$fpl$dflt          fz_ws.l(dflt_clz.o)
    0x080078a2   0x080078a2   0x00000026   Code   RO         4888    x$fpl$dfltu         fz_ws.l(dflt_clz.o)
    0x080078c8   0x080078c8   0x00000078   Code   RO         4894    x$fpl$dleqf         fz_ws.l(dleqf.o)
    0x08007940   0x08007940   0x00000154   Code   RO         4896    x$fpl$dmul          fz_ws.l(dmul.o)
    0x08007a94   0x08007a94   0x0000009c   Code   RO         5085    x$fpl$dnaninf       fz_ws.l(dnaninf.o)
    0x08007b30   0x08007b30   0x0000000c   Code   RO         5087    x$fpl$dretinf       fz_ws.l(dretinf.o)
    0x08007b3c   0x08007b3c   0x0000006c   Code   RO         4898    x$fpl$drleqf        fz_ws.l(drleqf.o)
    0x08007ba8   0x08007ba8   0x00000016   Code   RO         4877    x$fpl$drsb          fz_ws.l(daddsub_clz.o)
    0x08007bbe   0x08007bbe   0x00000002   PAD
    0x08007bc0   0x08007bc0   0x000001cc   Code   RO         5225    x$fpl$dsqrt         fz_ws.l(dsqrt_noumaal.o)
    0x08007d8c   0x08007d8c   0x000001d4   Code   RO         4878    x$fpl$dsub          fz_ws.l(daddsub_clz.o)
    0x08007f60   0x08007f60   0x00000056   Code   RO         4900    x$fpl$f2d           fz_ws.l(f2d.o)
    0x08007fb6   0x08007fb6   0x00000002   PAD
    0x08007fb8   0x08007fb8   0x000000c4   Code   RO         4902    x$fpl$fadd          fz_ws.l(faddsub_clz.o)
    0x0800807c   0x0800807c   0x00000018   Code   RO         5089    x$fpl$fcmpinf       fz_ws.l(fcmpi.o)
    0x08008094   0x08008094   0x00000184   Code   RO         4909    x$fpl$fdiv          fz_ws.l(fdiv.o)
    0x08008218   0x08008218   0x00000026   Code   RO         4912    x$fpl$ffltu         fz_ws.l(fflt_clz.o)
    0x0800823e   0x0800823e   0x00000002   PAD
    0x08008240   0x08008240   0x00000068   Code   RO         4918    x$fpl$fleqf         fz_ws.l(fleqf.o)
    0x080082a8   0x080082a8   0x00000102   Code   RO         4920    x$fpl$fmul          fz_ws.l(fmul.o)
    0x080083aa   0x080083aa   0x0000008c   Code   RO         5091    x$fpl$fnaninf       fz_ws.l(fnaninf.o)
    0x08008436   0x08008436   0x0000000a   Code   RO         5093    x$fpl$fretinf       fz_ws.l(fretinf.o)
    0x08008440   0x08008440   0x00000062   Code   RO         4922    x$fpl$frleqf        fz_ws.l(frleqf.o)
    0x080084a2   0x080084a2   0x00000014   Code   RO         4903    x$fpl$frsb          fz_ws.l(faddsub_clz.o)
    0x080084b6   0x080084b6   0x00000002   PAD
    0x080084b8   0x080084b8   0x000000ea   Code   RO         4904    x$fpl$fsub          fz_ws.l(faddsub_clz.o)
    0x080085a2   0x080085a2   0x00000006   Code   RO         5233    x$fpl$ieeestatus    fz_ws.l(istatus.o)
    0x080085a8   0x080085a8   0x00000004   Code   RO         4924    x$fpl$printf1       fz_ws.l(printf1.o)
    0x080085ac   0x080085ac   0x00000004   Code   RO         5095    x$fpl$printf2       fz_ws.l(printf2.o)
    0x080085b0   0x080085b0   0x00000064   Code   RO         5280    x$fpl$retnan        fz_ws.l(retnan.o)
    0x08008614   0x08008614   0x0000005c   Code   RO         5101    x$fpl$scalbn        fz_ws.l(scalbn.o)
    0x08008670   0x08008670   0x00000004   Code   RO         4926    x$fpl$scanf1        fz_ws.l(scanf1.o)
    0x08008674   0x08008674   0x00000008   Code   RO         5235    x$fpl$scanf2        fz_ws.l(scanf2.o)
    0x0800867c   0x0800867c   0x00000030   Code   RO         5316    x$fpl$trapveneer    fz_ws.l(trapv.o)
    0x080086ac   0x080086ac   0x00000000   Code   RO         5103    x$fpl$usenofp       fz_ws.l(usenofp.o)
    0x080086ac   0x080086ac   0x000005f0   Data   RO         3344    .constdata          oled.o
    0x08008c9c   0x08008c9c   0x00000028   Data   RO         4816    .constdata          c_w.l(_printf_hex_int_ll_ptr.o)
    0x08008cc4   0x08008cc4   0x00000011   Data   RO         4836    .constdata          c_w.l(__printf_flags_ss_wp.o)
    0x08008cd5   0x08008cd5   0x00000003   PAD
    0x08008cd8   0x08008cd8   0x00000088   Data   RO         4934    .constdata          m_ws.l(pow.o)
    0x08008d60   0x08008d60   0x00000008   Data   RO         4996    .constdata          c_w.l(_printf_wctomb.o)
    0x08008d68   0x08008d68   0x00000008   Data   RO         5122    .constdata          m_ws.l(qnan.o)
    0x08008d70   0x08008d70   0x00000026   Data   RO         5169    .constdata          c_w.l(_printf_fp_hex.o)
    0x08008d96   0x08008d96   0x00000002   PAD
    0x08008d98   0x08008d98   0x00000094   Data   RO         5182    .constdata          c_w.l(bigflt0.o)
    0x08008e2c   0x08008e2c   0x000000e9   Data   RO         4044    .conststring        onenet.o
    0x08008f15   0x08008f15   0x00000003   PAD
    0x08008f18   0x08008f18   0x00000076   Data   RO         4586    .conststring        main.o
    0x08008f8e   0x08008f8e   0x00000002   PAD
    0x08008f90   0x08008f90   0x00000020   Data   RO         5360    Region$$Table       anon$$obj.o
    0x08008fb0   0x08008fb0   0x00000008   Data   RO         5227    c$$dinf             fz_ws.l(fpconst.o)
    0x08008fb8   0x08008fb8   0x00000008   Data   RO         5230    c$$dmax             fz_ws.l(fpconst.o)
    0x08008fc0   0x08008fc0   0x00000110   Data   RO         5208    locale$$data        c_w.l(lc_ctype_c.o)
    0x080090d0   0x080090d0   0x0000001c   Data   RO         5211    locale$$data        c_w.l(lc_numeric_c.o)


    Execution Region RW_IRAM1 (Exec base: 0x20000000, Load base: 0x080090ec, Size: 0x00001ef0, Max: 0x00005000, ABSOLUTE)

    Exec Addr    Load Addr    Size         Type   Attr      Idx    E Section Name        Object

    0x20000000   0x080090ec   0x00000014   Data   RW           28    .data               system_stm32f10x.o
    0x20000014   0x08009100   0x00000014   Data   RW         1805    .data               stm32f10x_rcc.o
    0x20000028   0x08009114   0x00000004   Data   RW         3199    .data               delay.o
    0x2000002c   0x08009118   0x00000004   Data   RW         3446    .data               esp8266.o
    0x20000030   0x0800911c   0x00000002   Data   RW         3592    .data               beep.o
    0x20000032   0x0800911e   0x00000006   Data   RW         3621    .data               usart.o
    0x20000038   0x08009124   0x0000000c   Data   RW         3719    .data               timer.o
    0x20000044   0x08009130   0x00000006   Data   RW         3809    .data               adc.o
    0x2000004a   0x08009136   0x00000002   PAD
    0x2000004c   0x08009138   0x00000044   Data   RW         4587    .data               main.o
    0x20000090        -       0x00000400   Zero   RW         3445    .bss                esp8266.o
    0x20000490        -       0x000008c8   Zero   RW         3620    .bss                usart.o
    0x20000d58        -       0x00000990   Zero   RW         4043    .bss                onenet.o
    0x200016e8        -       0x000001a4   Zero   RW         4585    .bss                main.o
    0x2000188c        -       0x00000060   Zero   RW         5134    .bss                c_w.l(libspace.o)
    0x200018ec   0x0800917c   0x00000004   PAD
    0x200018f0        -       0x00000200   Zero   RW            2    HEAP                startup_stm32f10x_md.o
    0x20001af0        -       0x00000400   Zero   RW            1    STACK               startup_stm32f10x_md.o


==============================================================================

Image component sizes


      Code (inc. data)   RO Data    RW Data    ZI Data      Debug   Object Name

       472         54          0          6          0       2648   adc.o
        56          4          0          2          0        663   beep.o
       660         50          0          0          0       6910   bh1750.o
         0          0          0          0          0       4508   core_cm3.o
       220         26          0          4          0       1563   delay.o
       438         24          0          0          0       4381   dht11.o
       736        254          0          4       1024     241976   esp8266.o
      2026        544        118         68        420       3692   main.o
       172         22          0          0          0     214061   misc.o
      1752         54          0          0          0      10750   mqtt.o
       726         22       1520          0          0       5963   oled.o
      2832       1398        233          0       2448       8419   onenet.o
        64         26        236          0       1536        796   startup_stm32f10x_md.o
       390         10          0          0          0      15737   stm32f10x_adc.o
        84          0          0          0          0      12341   stm32f10x_dma.o
        52         12          0          0          0        969   stm32f10x_flash.o
       314          0          0          0          0      12136   stm32f10x_gpio.o
        26          0          0          0          0       3486   stm32f10x_it.o
       696        104          0         20          0      18617   stm32f10x_rcc.o
       256         42          0          0          0      24387   stm32f10x_tim.o
       462          6          0          0          0      11707   stm32f10x_usart.o
       328         28          0         20          0      28737   system_stm32f10x.o
       310         36          0         12          0       1495   timer.o
      1138        102          0          6       2248       7024   usart.o

    ----------------------------------------------------------------------
     14238       2818       2144        144       7676     642966   Object Totals
         0          0         32          0          0          0   (incl. Generated)
        28          0          5          2          0          0   (incl. Padding)

    ----------------------------------------------------------------------

      Code (inc. data)   RO Data    RW Data    ZI Data      Debug   Library Member Name

        60          8          0          0          0         84   __0sscanf.o
        56          6          0          0          0         88   __2snprintf.o
        44          6          0          0          0         84   __2sprintf.o
         8          0          0          0          0         68   __main.o
       392          4         17          0          0         92   __printf_flags_ss_wp.o
        14          0          0          0          0         68   __printf_wp.o
         0          0          0          0          0          0   __rtentry.o
        12          0          0          0          0          0   __rtentry2.o
         6          0          0          0          0          0   __rtentry4.o
        52          8          0          0          0          0   __scatter.o
        26          0          0          0          0          0   __scatter_copy.o
        28          0          0          0          0          0   __scatter_zi.o
        28          0          0          0          0         68   _chval.o
         6          0          0          0          0          0   _printf_a.o
         6          0          0          0          0          0   _printf_c.o
        44          0          0          0          0        108   _printf_char.o
        48          6          0          0          0         96   _printf_char_common.o
        40          0          0          0          0         68   _printf_charcount.o
         6          0          0          0          0          0   _printf_d.o
       120         16          0          0          0         92   _printf_dec.o
         6          0          0          0          0          0   _printf_e.o
         6          0          0          0          0          0   _printf_f.o
      1054          0          0          0          0        216   _printf_fp_dec.o
       764          8         38          0          0        100   _printf_fp_hex.o
       128         16          0          0          0         84   _printf_fp_infnan.o
         6          0          0          0          0          0   _printf_g.o
       148          4         40          0          0        160   _printf_hex_int_ll_ptr.o
         6          0          0          0          0          0   _printf_i.o
       178          0          0          0          0         88   _printf_intcommon.o
        10          0          0          0          0          0   _printf_l.o
         6          0          0          0          0          0   _printf_lc.o
        10          0          0          0          0          0   _printf_ll.o
         6          0          0          0          0          0   _printf_lld.o
         6          0          0          0          0          0   _printf_lli.o
         6          0          0          0          0          0   _printf_llo.o
         6          0          0          0          0          0   _printf_llu.o
         6          0          0          0          0          0   _printf_llx.o
       124         16          0          0          0         92   _printf_longlong_dec.o
         6          0          0          0          0          0   _printf_ls.o
         6          0          0          0          0          0   _printf_n.o
         6          0          0          0          0          0   _printf_o.o
       112         10          0          0          0        124   _printf_oct_int_ll.o
         6          0          0          0          0          0   _printf_p.o
        78          0          0          0          0        108   _printf_pad.o
         0          0          0          0          0          0   _printf_percent.o
         4          0          0          0          0          0   _printf_percent_end.o
         6          0          0          0          0          0   _printf_s.o
        82          0          0          0          0         80   _printf_str.o
        36          0          0          0          0         84   _printf_truncate.o
         6          0          0          0          0          0   _printf_u.o
        44          0          0          0          0        108   _printf_wchar.o
       188          6          8          0          0         92   _printf_wctomb.o
         6          0          0          0          0          0   _printf_x.o
        22          0          0          0          0        100   _rserrno.o
       884          6          0          0          0        100   _scanf.o
        64          0          0          0          0         84   _sgetc.o
        16          0          0          0          0         68   _snputc.o
        10          0          0          0          0         68   _sputc.o
        64          0          0          0          0         92   _wcrtomb.o
       228          4        148          0          0         96   bigflt0.o
      2152        136          0          0          0        960   btod.o
        10          0          0          0          0         68   defsig_exit.o
        50          0          0          0          0         88   defsig_general.o
        80         58          0          0          0         76   defsig_rtmem_inner.o
        14          0          0          0          0         80   defsig_rtmem_outer.o
        18          0          0          0          0         80   exit.o
        94          0          0          0          0         80   h1_alloc.o
        52          0          0          0          0         68   h1_extend.o
        78          0          0          0          0         80   h1_free.o
        14          0          0          0          0         84   h1_init.o
         6          0          0          0          0        152   heapauxi.o
         4          0          0          0          0        136   hguard.o
         0          0          0          0          0          0   indicate_semi.o
       138          0          0          0          0        168   init_alloc.o
        18          0          0          0          0         76   isspace.o
        44         10        272          0          0         76   lc_ctype_c.o
        44         10         28          0          0         76   lc_numeric_c.o
         2          0          0          0          0          0   libinit.o
        38          0          0          0          0          0   libinit2.o
         2          0          0          0          0          0   libshutdown.o
         2          0          0          0          0          0   libshutdown2.o
         8          4          0          0         96         68   libspace.o
        38          0          0          0          0         68   llshl.o
       138          0          0          0          0         80   lludiv10.o
         0          0          0          0          0          0   maybetermalloc1.o
        16          4          0          0          0         76   rt_ctype_table.o
         8          4          0          0          0         68   rt_errno_addr_intlibspace.o
         8          4          0          0          0         68   rt_heap_descriptor_intlibspace.o
         8          4          0          0          0         68   rt_locale_intlibspace.o
        68          0          0          0          0         68   rt_memclr.o
        78          0          0          0          0         80   rt_memclr_w.o
       138          0          0          0          0         68   rt_memcpy_v6.o
       100          0          0          0          0         80   rt_memcpy_w.o
         2          0          0          0          0          0   rtexit.o
        10          0          0          0          0          0   rtexit2.o
        44          8          0          0          0         84   scanf_char.o
      1272         16          0          0          0        168   scanf_fp.o
       800         14          0          0          0        100   scanf_hexfp.o
       308         16          0          0          0        100   scanf_infnan.o
        24          0          0          0          0         68   strcat.o
        20          0          0          0          0         68   strchr.o
       128          0          0          0          0         68   strcmpv7m.o
        72          0          0          0          0         80   strcpy.o
        62          0          0          0          0         76   strlen.o
        36          0          0          0          0         76   strncat.o
        36          0          0          0          0         80   strstr.o
        12          4          0          0          0         68   sys_exit.o
        74          0          0          0          0         80   sys_stackheap_outer.o
        14          0          0          0          0         76   sys_wrch.o
         2          0          0          0          0         68   use_no_semi.o
        36          4          0          0          0         76   vsprintf.o
        98          4          0          0          0         92   d2f.o
       826         16          0          0          0        348   daddsub_clz.o
        16          4          0          0          0         68   dcheck1.o
        24          0          0          0          0         68   dcmpi.o
       688        140          0          0          0        208   ddiv.o
       120          4          0          0          0         92   deqf.o
        84          0          0          0          0        136   dflt_clz.o
       120          4          0          0          0         92   dleqf.o
       340         12          0          0          0        104   dmul.o
       156          4          0          0          0         92   dnaninf.o
        12          0          0          0          0         68   dretinf.o
       108          0          0          0          0         80   drleqf.o
       460         56          0          0          0        120   dsqrt_noumaal.o
        86          4          0          0          0         84   f2d.o
       450          8          0          0          0        236   faddsub_clz.o
        24          0          0          0          0         68   fcmpi.o
       388         76          0          0          0         96   fdiv.o
        38          0          0          0          0         68   fflt_clz.o
       104          4          0          0          0         84   fleqf.o
       258          4          0          0          0         84   fmul.o
       140          4          0          0          0         84   fnaninf.o
         0          0         16          0          0          0   fpconst.o
        10          0          0          0          0         68   fretinf.o
        98          0          0          0          0         68   frleqf.o
         6          0          0          0          0         68   istatus.o
         4          0          0          0          0         68   printf1.o
         4          0          0          0          0         68   printf2.o
       100          0          0          0          0         68   retnan.o
        92          0          0          0          0         68   scalbn.o
         4          0          0          0          0         68   scanf1.o
         8          0          0          0          0         84   scanf2.o
        48          0          0          0          0         68   trapv.o
         0          0          0          0          0          0   usenofp.o
        62         10          0          0          0        340   dunder.o
        40          0          0          0          0         68   fpclassify.o
        88          8          0          0          0         76   frexp.o
       138          0          0          0          0        160   ldexp.o
       204          4          0          0          0        168   narrow.o
       170          0          0          0          0         96   poly.o
      2520        190        136          0          0        324   pow.o
         0          0          8          0          0          0   qnan.o
        76          0          0          0          0         84   sqrt.o

    ----------------------------------------------------------------------
     20002        978        716          0        100      11720   Library Totals
        24          2          5          0          4          0   (incl. Padding)

    ----------------------------------------------------------------------

      Code (inc. data)   RO Data    RW Data    ZI Data      Debug   Library Name

     11766        420        551          0         96       7336   c_w.l
      4914        344         16          0          0       3068   fz_ws.l
      3298        212        144          0          0       1316   m_ws.l

    ----------------------------------------------------------------------
     20002        978        716          0        100      11720   Library Totals

    ----------------------------------------------------------------------

==============================================================================


      Code (inc. data)   RO Data    RW Data    ZI Data      Debug   

     34240       3796       2860        144       7776     640746   Grand Totals
     34240       3796       2860        144       7776     640746   ELF Image Totals
     34240       3796       2860        144          0          0   ROM Totals

==============================================================================

    Total RO  Size (Code + RO Data)                37100 (  36.23kB)
    Total RW  Size (RW Data + ZI Data)              7920 (   7.73kB)
    Total ROM Size (Code + RO Data + RW Data)      37244 (  36.37kB)

==============================================================================

